====================================================================================================
NIFTY DIRECTIONAL STRATEGY ENGINE - OPTIMIZE RUN
====================================================================================================
config            : configs/optimization.json
mode              : optimize
input dir         : D:/Git/fresh_dashboard/app/data
file pattern      : NIFTY_*_DASHBOARD.json
output dir        : D:/Git/fresh_dashboard/app/data/optimize_results

run settings
  entry rule        : disabled - the trigger candle itself is the entry candle (entry at its close, SL at its low/high)
  rr multiples      : 2.0 3.0 4.0
  min setups        : 100
  num_workers       : 14
  directions        : LONG SHORT

sweep scope
  condition group   : sma_rising_atr (LONG)
    candles          : 3 5 7 9
    atr_multiplier   : 0.0 0.01 0.02 0.03 0.04 0.05 0.06 0.07 0.08 0.09 0.1 0.11 0.12 0.13 0.14 0.15 0.16 0.17 0.18 0.19 0.2 0.21 0.22 0.23 0.24 0.25 0.26 0.27 0.28 0.29 0.3 0.31 0.32 0.33 0.34 0.35 0.36 0.37 0.38 0.39 0.4 0.41 0.42 0.43 0.44 0.45 0.46 0.47 0.48 0.49 0.5
  condition group   : low_below_bollinger_lower (LONG)
    bb_period        : 20 22
    bb_num_std       : 1.5 2
  condition group   : sma_falling_atr (SHORT)
    candles          : 3 5 7 9
    atr_multiplier   : 0.0 0.01 0.02 0.03 0.04 0.05 0.06 0.07 0.08 0.09 0.1 0.11 0.12 0.13 0.14 0.15 0.16 0.17 0.18 0.19 0.2 0.21 0.22 0.23 0.24 0.25 0.26 0.27 0.28 0.29 0.3 0.31 0.32 0.33 0.34 0.35 0.36 0.37 0.38 0.39 0.4 0.41 0.42 0.43 0.44 0.45 0.46 0.47 0.48 0.49 0.5
  condition group   : high_above_bollinger_upper (SHORT)
    bb_period        : 20 22
    bb_num_std       : 1.5 2
  cartesian variants: LONG 816 x SHORT 816 = 1632 per timeframe
WARNING: NIFTY_2026-09-08_DASHBOARD.json -> 0 real candles inside market hours (09:15:00-15:30:00) at 12sec; every candle is zero-filled. Check the source file's timestamps.
WARNING: NIFTY_2026-09-08_DASHBOARD.json -> 0 real candles inside market hours (09:15:00-15:30:00) at 1min; every candle is zero-filled. Check the source file's timestamps.
WARNING: NIFTY_2026-09-08_DASHBOARD.json -> 0 real candles inside market hours (09:15:00-15:30:00) at 3min; every candle is zero-filled. Check the source file's timestamps.

====================================================================================================
DAY 1 - NIFTY_2026-09-08_DASHBOARD.json
====================================================================================================
timeframes      : 12sec 1min 3min
LONG variants   : 816
SHORT variants  : 816

--- SHORT top variants (by hit rate, min setups 100) ---
  (no SHORT variant met the minimum setups guard)

--- LONG top variants (by hit rate, min setups 100) ---
  (no LONG variant met the minimum setups guard)

no-entry triggers    : 0
zero-risk skipped    : 0
eod closes           : 0
daily report         : D:\Git\fresh_dashboard\app\data\optimize_results\optimize_results_no_data_12sec_1min_3min.xlsx

====================================================================================================
DAY 2 - NIFTY_2026-09-10_DASHBOARD.json
====================================================================================================
timeframes      : 12sec 1min 3min
LONG variants   : 816
SHORT variants  : 816

--- SHORT top variants (by hit rate, min setups 100) ---
  (no SHORT variant met the minimum setups guard)

--- LONG top variants (by hit rate, min setups 100) ---
  (no LONG variant met the minimum setups guard)

no-entry triggers    : 0
zero-risk skipped    : 1252
eod closes           : 0
daily report         : D:\Git\fresh_dashboard\app\data\optimize_results\optimize_results_20260910_12sec_1min_3min.xlsx

====================================================================================================
DAY 3 - NIFTY_2026-09-11_DASHBOARD.json
====================================================================================================
timeframes      : 12sec 1min 3min
LONG variants   : 816
SHORT variants  : 816

--- SHORT top variants (by hit rate, min setups 100) ---
  (no SHORT variant met the minimum setups guard)

--- LONG top variants (by hit rate, min setups 100) ---
  (no LONG variant met the minimum setups guard)

no-entry triggers    : 0
zero-risk skipped    : 751
eod closes           : 1
daily report         : D:\Git\fresh_dashboard\app\data\optimize_results\optimize_results_20260911_12sec_1min_3min.xlsx
WARNING: NIFTY_2026-09-14_DASHBOARD.json -> 0 real candles inside market hours (09:15:00-15:30:00) at 12sec; every candle is zero-filled. Check the source file's timestamps.
WARNING: NIFTY_2026-09-14_DASHBOARD.json -> 0 real candles inside market hours (09:15:00-15:30:00) at 1min; every candle is zero-filled. Check the source file's timestamps.
WARNING: NIFTY_2026-09-14_DASHBOARD.json -> 0 real candles inside market hours (09:15:00-15:30:00) at 3min; every candle is zero-filled. Check the source file's timestamps.

====================================================================================================
DAY 4 - NIFTY_2026-09-14_DASHBOARD.json
====================================================================================================
timeframes      : 12sec 1min 3min
LONG variants   : 816
SHORT variants  : 816

--- SHORT top variants (by hit rate, min setups 100) ---
  (no SHORT variant met the minimum setups guard)

--- LONG top variants (by hit rate, min setups 100) ---
  (no LONG variant met the minimum setups guard)

no-entry triggers    : 0
zero-risk skipped    : 0
eod closes           : 0
daily report         : D:\Git\fresh_dashboard\app\data\optimize_results\optimize_results_no_data_12sec_1min_3min.xlsx

====================================================================================================
DAY 5 - NIFTY_2026-09-15_DASHBOARD.json
====================================================================================================
timeframes      : 12sec 1min 3min
LONG variants   : 816
SHORT variants  : 816

--- SHORT top variants (by hit rate, min setups 100) ---
  (no SHORT variant met the minimum setups guard)

--- LONG top variants (by hit rate, min setups 100) ---
  (no LONG variant met the minimum setups guard)

no-entry triggers    : 0
zero-risk skipped    : 1284
eod closes           : 3
daily report         : D:\Git\fresh_dashboard\app\data\optimize_results\optimize_results_20260915_12sec_1min_3min.xlsx

====================================================================================================
DAY 6 - NIFTY_2026-09-16_DASHBOARD.json
====================================================================================================
timeframes      : 12sec 1min 3min
LONG variants   : 816
SHORT variants  : 816

--- SHORT top variants (by hit rate, min setups 100) ---
  (no SHORT variant met the minimum setups guard)

--- LONG top variants (by hit rate, min setups 100) ---
  (no LONG variant met the minimum setups guard)

no-entry triggers    : 0
zero-risk skipped    : 1106
eod closes           : 0
daily report         : D:\Git\fresh_dashboard\app\data\optimize_results\optimize_results_20260916_12sec_1min_3min.xlsx

====================================================================================================
DAY 7 - NIFTY_2026-09-17_DASHBOARD.json
====================================================================================================
timeframes      : 12sec 1min 3min
LONG variants   : 816
SHORT variants  : 816

--- SHORT top variants (by hit rate, min setups 100) ---
  (no SHORT variant met the minimum setups guard)

--- LONG top variants (by hit rate, min setups 100) ---
  (no LONG variant met the minimum setups guard)

no-entry triggers    : 0
zero-risk skipped    : 864
eod closes           : 0
daily report         : D:\Git\fresh_dashboard\app\data\optimize_results\optimize_results_20260917_12sec_1min_3min.xlsx

====================================================================================================
DAY 8 - NIFTY_2026-09-18_DASHBOARD.json
====================================================================================================
timeframes      : 12sec 1min 3min
LONG variants   : 816
SHORT variants  : 816

--- SHORT top variants (by hit rate, min setups 100) ---
  (no SHORT variant met the minimum setups guard)

--- LONG top variants (by hit rate, min setups 100) ---
  (no LONG variant met the minimum setups guard)

no-entry triggers    : 0
zero-risk skipped    : 1919
eod closes           : 0
daily report         : D:\Git\fresh_dashboard\app\data\optimize_results\optimize_results_20260918_12sec_1min_3min.xlsx

====================================================================================================
DAY 9 - NIFTY_2026-09-21_DASHBOARD.json
====================================================================================================
timeframes      : 12sec 1min 3min
LONG variants   : 816
SHORT variants  : 816

--- SHORT top variants (by hit rate, min setups 100) ---
  (no SHORT variant met the minimum setups guard)

--- LONG top variants (by hit rate, min setups 100) ---
  (no LONG variant met the minimum setups guard)

no-entry triggers    : 0
zero-risk skipped    : 2599
eod closes           : 0
daily report         : D:\Git\fresh_dashboard\app\data\optimize_results\optimize_results_20260921_12sec_1min_3min.xlsx

====================================================================================================
DAY 10 - NIFTY_2026-09-22_DASHBOARD.json
====================================================================================================
timeframes      : 12sec 1min 3min
LONG variants   : 816
SHORT variants  : 816

--- SHORT top variants (by hit rate, min setups 100) ---
  (no SHORT variant met the minimum setups guard)

--- LONG top variants (by hit rate, min setups 100) ---
  (no LONG variant met the minimum setups guard)

no-entry triggers    : 0
zero-risk skipped    : 2436
eod closes           : 0
daily report         : D:\Git\fresh_dashboard\app\data\optimize_results\optimize_results_20260922_12sec_1min_3min.xlsx

====================================================================================================
DAY 11 - NIFTY_2026-09-23_DASHBOARD.json
====================================================================================================
timeframes      : 12sec 1min 3min
LONG variants   : 816
SHORT variants  : 816

--- SHORT top variants (by hit rate, min setups 100) ---
  (no SHORT variant met the minimum setups guard)

--- LONG top variants (by hit rate, min setups 100) ---
  (no LONG variant met the minimum setups guard)

no-entry triggers    : 0
zero-risk skipped    : 1858
eod closes           : 0
daily report         : D:\Git\fresh_dashboard\app\data\optimize_results\optimize_results_20260923_12sec_1min_3min.xlsx

====================================================================================================
DAY 12 - NIFTY_2026-09-24_DASHBOARD.json
====================================================================================================
timeframes      : 12sec 1min 3min
LONG variants   : 816
SHORT variants  : 816

--- SHORT top variants (by hit rate, min setups 100) ---
  (no SHORT variant met the minimum setups guard)

--- LONG top variants (by hit rate, min setups 100) ---
  (no LONG variant met the minimum setups guard)

no-entry triggers    : 0
zero-risk skipped    : 2766
eod closes           : 1
daily report         : D:\Git\fresh_dashboard\app\data\optimize_results\optimize_results_20260924_12sec_1min_3min.xlsx

====================================================================================================
DAY 13 - NIFTY_2026-09-28_DASHBOARD.json
====================================================================================================
timeframes      : 12sec 1min 3min
LONG variants   : 816
SHORT variants  : 816

--- SHORT top variants (by hit rate, min setups 100) ---
  (no SHORT variant met the minimum setups guard)

--- LONG top variants (by hit rate, min setups 100) ---
  (no LONG variant met the minimum setups guard)

no-entry triggers    : 0
zero-risk skipped    : 816
eod closes           : 0
daily report         : D:\Git\fresh_dashboard\app\data\optimize_results\optimize_results_20260928_12sec_1min_3min.xlsx

====================================================================================================
DAY 14 - NIFTY_2026-09-29_DASHBOARD.json
====================================================================================================
timeframes      : 12sec 1min 3min
LONG variants   : 816
SHORT variants  : 816

--- SHORT top variants (by hit rate, min setups 100) ---
  (no SHORT variant met the minimum setups guard)

--- LONG top variants (by hit rate, min setups 100) ---
  (no LONG variant met the minimum setups guard)

no-entry triggers    : 0
zero-risk skipped    : 188
eod closes           : 1
daily report         : D:\Git\fresh_dashboard\app\data\optimize_results\optimize_results_20260929_12sec_1min_3min.xlsx

====================================================================================================
COMBINED RUN SUMMARY
====================================================================================================
files processed         : 14
variants evaluated      : LONG 816 / SHORT 816
total triggers          : 131442
total entries           : 131442
total trades            : 113603
no-entry triggers       : 0
zero-risk skipped       : 17839
eod closes              : 2650

combined best SHORT
  variant : candles=5, atr_multiplier=0.29, bb_period=22, bb_num_std=1.5
  cond_1           : sma_falling_atr(period=44, candles=5, atr_period=14, atr_multiplier=0.29)
  cond_2           : high_in_sma_band(period=44)
  cond_3           : cumulative_oi_compare(side=ce_greater)
  cond_4           : high_above_bollinger_upper(bb_period=22, bb_num_std=1.5)
  candles          : 5
  atr_multiplier   : 0.29
  bb_period        : 22
  bb_num_std       : 1.5
  hit_rate: 0.356
  setups  : 118
  entries : 118
  trades  : 101
  no_entry: 0
  avg_pnl : 2.06
  stop    : 0.634
  t1_rate : 0.356
  t2_rate : 0.297
  t3_rate : 0.228

near-best SHORT band (within 0.03 of best hit rate, setups >= 100)
  candles=5, atr_multiplier=0.29, bb_perio hit 0.356  setups 118  avg_pnl 2.06  stop 0.634
  candles=5, atr_multiplier=0.15, bb_perio hit 0.354  setups 132  avg_pnl 1.99  stop 0.637
  candles=5, atr_multiplier=0.16, bb_perio hit 0.354  setups 132  avg_pnl 1.99  stop 0.637
  candles=5, atr_multiplier=0.28, bb_perio hit 0.353  setups 119  avg_pnl 2.03  stop 0.637
  candles=5, atr_multiplier=0.17, bb_perio hit 0.351  setups 130  avg_pnl 1.86  stop 0.64
  candles=5, atr_multiplier=0.14, bb_perio hit 0.351  setups 133  avg_pnl 1.96  stop 0.64

combined best LONG
  variant : candles=3, atr_multiplier=0.12, bb_period=20, bb_num_std=1.5
  cond_1           : sma_rising_atr(period=44, candles=3, atr_period=14, atr_multiplier=0.12)
  cond_2           : low_in_sma_band(period=44)
  cond_3           : cumulative_oi_compare(side=pe_greater)
  cond_4           : low_below_bollinger_lower(bb_period=20, bb_num_std=1.5)
  candles          : 3
  atr_multiplier   : 0.12
  bb_period        : 20
  bb_num_std       : 1.5
  hit_rate: 0.337
  setups  : 120
  entries : 120
  trades  : 101
  no_entry: 0
  avg_pnl : 0.3
  stop    : 0.653
  t1_rate : 0.337
  t2_rate : 0.277
  t3_rate : 0.238

near-best LONG band (within 0.03 of best hit rate, setups >= 100)
  candles=3, atr_multiplier=0.12, bb_perio hit 0.337  setups 120  avg_pnl 0.3  stop 0.653
  candles=7, atr_multiplier=0.1, bb_period hit 0.333  setups 125  avg_pnl 0.04  stop 0.657
  candles=7, atr_multiplier=0.07, bb_perio hit 0.330  setups 126  avg_pnl 0.03  stop 0.661
  candles=7, atr_multiplier=0.08, bb_perio hit 0.330  setups 126  avg_pnl 0.03  stop 0.661
  candles=7, atr_multiplier=0.09, bb_perio hit 0.330  setups 126  avg_pnl 0.03  stop 0.661
  candles=3, atr_multiplier=0.09, bb_perio hit 0.328  setups 137  avg_pnl 0.2  stop 0.664

what the numbers say
  - SHORT: best hit rate is not unique — 107 variants sit within 0.03 of the top; the pick is a band, not a single point.
  - SHORT best variant hit rate spans 100.0 pts across 8 day(s) — day-to-day hit rate varies a lot.
  - SHORT best variant is stop-heavy (stop rate 0.63).
  - SHORT top3 day conc : 0.72 (share of the best variant's trades coming from its 3 biggest days).
  - LONG: best hit rate is not unique — 182 variants sit within 0.03 of the top; the pick is a band, not a single point.
  - LONG best variant hit rate spans 50.0 pts across 7 day(s) — day-to-day hit rate varies a lot.
  - LONG best variant is stop-heavy (stop rate 0.65).
  - LONG top3 day conc : 0.57 (share of the best variant's trades coming from its 3 biggest days).

ranking conclusion
  primary candidate   : candles=5, atr_multiplier=0.29, bb_period=22, bb_num_std=1.5
    why   : highest SHORT hit rate (0.356) with 101 trades and 2.06 avg pts.
  secondary candidate : candles=5, atr_multiplier=0.15, bb_period=22, bb_num_std=1.5
    why   : hit rate 0.354, avg P&L 1.99 pts.
  rejected as final pick: candles=5, atr_multiplier=0. (0.33), candles=7, atr_multiplier=0. (0.33), candles=3, atr_multiplier=0. (0.33)
  primary candidate   : candles=3, atr_multiplier=0.12, bb_period=20, bb_num_std=1.5
    why   : highest LONG hit rate (0.337) with 101 trades and 0.3 avg pts.
  secondary candidate : candles=7, atr_multiplier=0.1, bb_period=22, bb_num_std=1.5
    why   : hit rate 0.333, avg P&L 0.04 pts.
  rejected as final pick: candles=5, atr_multiplier=0. (0.31), candles=7, atr_multiplier=0. (0.31), candles=3, atr_multiplier=0. (0.31)

recommended next step
  1. freeze the primary candidate (SHORT: candles=5, atr_multiplier=0.29, bb_period=22, bb_num_std=1.5, LONG: candles=3, atr_multiplier=0.12, bb_period=20, bb_num_std=1.5).
  2. keep the secondary as a comparison if avg P&L matters more than hit rate.
  3. confirm the chosen candidate still holds on new days before final.

one-line conclusion
  Best usable candidates from this cartesian run: SHORT candles=5, atr_multiplier=0.29, bb_period=22, bb_num_std=1.5 (hit 0.36, 101 trades, 2.06 avg pts); LONG candles=3, atr_multiplier=0.12, bb_period=20, bb_num_std=1.5 (hit 0.34, 101 trades, 0.3 avg pts).
====================================================================================================
COMBINED EXCEL: D:\Git\fresh_dashboard\app\data\optimize_results\optimize_combined_20260930_130641.xlsx

====================================================================================================
OPTIMIZE MODE COMPLETE: 14/14 file(s) processed
====================================================================================================
