====================================================================================================
NIFTY DIRECTIONAL STRATEGY ENGINE - OPTIMIZE RUN
====================================================================================================
config            : configs/optimization.json
mode              : optimize
input dir         : D:\Git Repo\fresh_dashboard/input data
file pattern      : NIFTY_*_DASHBOARD.json
output dir        : D:\Git Repo\fresh_dashboard/output_data/optimize_results

run settings
  entry rule        : disabled - the trigger candle itself is the entry candle (entry at its close, SL at its low/high)
  rr multiples      : 2.0 3.0 4.0
  min setups        : 10
  num_workers       : 12
  directions        : LONG SHORT

sweep scope
  condition group   : rsi_below_signal_lookback (LONG)
    signal_window_candles: 1 2 3 4 5 6 7 8 9 10 11 12 13 14 15 16 17 18 19 20
  condition group   : low_below_bollinger_lower (LONG)
    bb_period        : 20 22
    bb_num_std       : 1.5 2
  condition group   : rsi_above_signal_lookback (SHORT)
    signal_window_candles: 1 2 3 4 5 6 7 8 9 10 11 12 13 14 15 16 17 18 19 20
  condition group   : high_above_bollinger_upper (SHORT)
    bb_period        : 20 22
    bb_num_std       : 1.5 2
  cartesian variants: LONG 80 x SHORT 80 = 160 per timeframe
WARNING: NIFTY_20260908_DASHBOARD.json -> 0 real candles inside market hours (09:15:00-15:30:00) at 12sec; every candle is zero-filled. Check the source file's timestamps.
WARNING: NIFTY_20260908_DASHBOARD.json -> 0 real candles inside market hours (09:15:00-15:30:00) at 1min; every candle is zero-filled. Check the source file's timestamps.
WARNING: NIFTY_20260908_DASHBOARD.json -> 0 real candles inside market hours (09:15:00-15:30:00) at 3min; every candle is zero-filled. Check the source file's timestamps.

====================================================================================================
DAY 1 - NIFTY_20260908_DASHBOARD.json
====================================================================================================
timeframes      : 12sec 1min 3min
LONG variants   : 80
SHORT variants  : 80

--- SHORT top variants (by hit rate, min setups 10) ---
  (no SHORT variant met the minimum setups guard)

--- LONG top variants (by hit rate, min setups 10) ---
  (no LONG variant met the minimum setups guard)

no-entry triggers    : 0
zero-risk skipped    : 0
eod closes           : 0
daily report         : D:\Git Repo\fresh_dashboard\output_data\optimize_results\optimize_results_no_data_12sec_1min_3min.xlsx
WARNING: NIFTY_20260909_DASHBOARD.json -> 0 real candles inside market hours (09:15:00-15:30:00) at 12sec; every candle is zero-filled. Check the source file's timestamps.
WARNING: NIFTY_20260909_DASHBOARD.json -> 0 real candles inside market hours (09:15:00-15:30:00) at 1min; every candle is zero-filled. Check the source file's timestamps.
WARNING: NIFTY_20260909_DASHBOARD.json -> 0 real candles inside market hours (09:15:00-15:30:00) at 3min; every candle is zero-filled. Check the source file's timestamps.

====================================================================================================
DAY 2 - NIFTY_20260909_DASHBOARD.json
====================================================================================================
timeframes      : 12sec 1min 3min
LONG variants   : 80
SHORT variants  : 80

--- SHORT top variants (by hit rate, min setups 10) ---
  (no SHORT variant met the minimum setups guard)

--- LONG top variants (by hit rate, min setups 10) ---
  (no LONG variant met the minimum setups guard)

no-entry triggers    : 0
zero-risk skipped    : 0
eod closes           : 0
daily report         : D:\Git Repo\fresh_dashboard\output_data\optimize_results\optimize_results_no_data_12sec_1min_3min.xlsx

====================================================================================================
DAY 3 - NIFTY_20260910_DASHBOARD.json
====================================================================================================
timeframes      : 12sec 1min 3min
LONG variants   : 80
SHORT variants  : 80

--- SHORT top variants (by hit rate, min setups 10) ---
  (no SHORT variant met the minimum setups guard)

--- LONG top variants (by hit rate, min setups 10) ---
  (no LONG variant met the minimum setups guard)

no-entry triggers    : 0
zero-risk skipped    : 51
eod closes           : 0
daily report         : D:\Git Repo\fresh_dashboard\output_data\optimize_results\optimize_results_20260910_12sec_1min_3min.xlsx

====================================================================================================
DAY 4 - NIFTY_20260911_DASHBOARD.json
====================================================================================================
timeframes      : 12sec 1min 3min
LONG variants   : 80
SHORT variants  : 80

--- SHORT top variants (by hit rate, min setups 10) ---
  (no SHORT variant met the minimum setups guard)

--- LONG top variants (by hit rate, min setups 10) ---
rank  variant                            hit_rate  setups  entries  trades  no_entry  avg_pnl   stop     t1     t2     t3       cond_1       cond_2       cond_3       cond_4 signal_windo    bb_period   bb_num_std
1     signal_window_candles=6, bb_period     0.33      17       17      15         0     2.86   0.60   0.33   0.33   0.33 rsi_below_si low_in_sma_b cumulative_o low_below_bo            6           20          1.5
2     signal_window_candles=4, bb_period     0.32      21       21      19         0     1.86   0.63   0.32   0.32   0.32 rsi_below_si low_in_sma_b cumulative_o low_below_bo            4           20          1.5
3     signal_window_candles=3, bb_period     0.30      25       25      23         0     1.34   0.65   0.30   0.30   0.30 rsi_below_si low_in_sma_b cumulative_o low_below_bo            3           20          1.5
4     signal_window_candles=5, bb_period     0.29      19       19      17         0     2.27   0.65   0.29   0.29   0.29 rsi_below_si low_in_sma_b cumulative_o low_below_bo            5           20          1.5
5     signal_window_candles=3, bb_period     0.29      22       22      21         0     1.49   0.67   0.29   0.29   0.29 rsi_below_si low_in_sma_b cumulative_o low_below_bo            3           22          1.5

no-entry triggers    : 0
zero-risk skipped    : 43
eod closes           : 1
daily report         : D:\Git Repo\fresh_dashboard\output_data\optimize_results\optimize_results_20260911_12sec_1min_3min.xlsx
WARNING: NIFTY_20260914_DASHBOARD.json -> 0 real candles inside market hours (09:15:00-15:30:00) at 12sec; every candle is zero-filled. Check the source file's timestamps.
WARNING: NIFTY_20260914_DASHBOARD.json -> 0 real candles inside market hours (09:15:00-15:30:00) at 1min; every candle is zero-filled. Check the source file's timestamps.
WARNING: NIFTY_20260914_DASHBOARD.json -> 0 real candles inside market hours (09:15:00-15:30:00) at 3min; every candle is zero-filled. Check the source file's timestamps.

====================================================================================================
DAY 5 - NIFTY_20260914_DASHBOARD.json
====================================================================================================
timeframes      : 12sec 1min 3min
LONG variants   : 80
SHORT variants  : 80

--- SHORT top variants (by hit rate, min setups 10) ---
  (no SHORT variant met the minimum setups guard)

--- LONG top variants (by hit rate, min setups 10) ---
  (no LONG variant met the minimum setups guard)

no-entry triggers    : 0
zero-risk skipped    : 0
eod closes           : 0
daily report         : D:\Git Repo\fresh_dashboard\output_data\optimize_results\optimize_results_no_data_12sec_1min_3min.xlsx

====================================================================================================
DAY 6 - NIFTY_20260915_DASHBOARD.json
====================================================================================================
timeframes      : 12sec 1min 3min
LONG variants   : 80
SHORT variants  : 80

--- SHORT top variants (by hit rate, min setups 10) ---
rank  variant                            hit_rate  setups  entries  trades  no_entry  avg_pnl   stop     t1     t2     t3       cond_1       cond_2       cond_3       cond_4 signal_windo    bb_period   bb_num_std
1     signal_window_candles=12, bb_perio     0.50      10       10      10         0     5.35   0.50   0.50   0.50   0.50 rsi_above_si high_in_sma_ cumulative_o high_above_b           12           22          1.5
2     signal_window_candles=13, bb_perio     0.50      10       10      10         0     5.35   0.50   0.50   0.50   0.50 rsi_above_si high_in_sma_ cumulative_o high_above_b           13           22          1.5
3     signal_window_candles=12, bb_perio     0.45      11       11      11         0     4.57   0.55   0.46   0.46   0.46 rsi_above_si high_in_sma_ cumulative_o high_above_b           12           20          1.5
4     signal_window_candles=13, bb_perio     0.45      11       11      11         0     4.57   0.55   0.46   0.46   0.46 rsi_above_si high_in_sma_ cumulative_o high_above_b           13           20          1.5
5     signal_window_candles=1, bb_period     0.43      32       32      30         0     2.19   0.53   0.43   0.30   0.27 rsi_above_si high_in_sma_ cumulative_o high_above_b            1           20            2

--- LONG top variants (by hit rate, min setups 10) ---
  (no LONG variant met the minimum setups guard)

no-entry triggers    : 0
zero-risk skipped    : 59
eod closes           : 3
daily report         : D:\Git Repo\fresh_dashboard\output_data\optimize_results\optimize_results_20260915_12sec_1min_3min.xlsx

====================================================================================================
DAY 7 - NIFTY_20260916_DASHBOARD.json
====================================================================================================
timeframes      : 12sec 1min 3min
LONG variants   : 80
SHORT variants  : 80

--- SHORT top variants (by hit rate, min setups 10) ---
  (no SHORT variant met the minimum setups guard)

--- LONG top variants (by hit rate, min setups 10) ---
rank  variant                            hit_rate  setups  entries  trades  no_entry  avg_pnl   stop     t1     t2     t3       cond_1       cond_2       cond_3       cond_4 signal_windo    bb_period   bb_num_std
1     signal_window_candles=6, bb_period     0.17      15       15      12         0    -1.11   0.83   0.17   0.17   0.17 rsi_below_si low_in_sma_b cumulative_o low_below_bo            6           20          1.5
2     signal_window_candles=5, bb_period     0.15      16       16      13         0    -1.06   0.85   0.15   0.15   0.15 rsi_below_si low_in_sma_b cumulative_o low_below_bo            5           20          1.5
3     signal_window_candles=4, bb_period     0.15      16       16      13         0    -1.06   0.85   0.15   0.15   0.15 rsi_below_si low_in_sma_b cumulative_o low_below_bo            4           20          1.5
4     signal_window_candles=3, bb_period     0.12      19       19      16         0    -1.96   0.88   0.12   0.12   0.12 rsi_below_si low_in_sma_b cumulative_o low_below_bo            3           20          1.5
5     signal_window_candles=2, bb_period     0.12      20       20      17         0    -2.05   0.88   0.12   0.12   0.12 rsi_below_si low_in_sma_b cumulative_o low_below_bo            2           20          1.5

no-entry triggers    : 0
zero-risk skipped    : 38
eod closes           : 0
daily report         : D:\Git Repo\fresh_dashboard\output_data\optimize_results\optimize_results_20260916_12sec_1min_3min.xlsx

====================================================================================================
DAY 8 - NIFTY_20260917_DASHBOARD.json
====================================================================================================
timeframes      : 12sec 1min 3min
LONG variants   : 80
SHORT variants  : 80

--- SHORT top variants (by hit rate, min setups 10) ---
  (no SHORT variant met the minimum setups guard)

--- LONG top variants (by hit rate, min setups 10) ---
rank  variant                            hit_rate  setups  entries  trades  no_entry  avg_pnl   stop     t1     t2     t3       cond_1       cond_2       cond_3       cond_4 signal_windo    bb_period   bb_num_std
1     signal_window_candles=8, bb_period     0.46      14       14      13         0     0.58   0.54   0.46   0.39   0.31 rsi_below_si low_in_sma_b cumulative_o low_below_bo            8           20          1.5
2     signal_window_candles=5, bb_period     0.44      21       21      18         0     0.40   0.56   0.44   0.39   0.33 rsi_below_si low_in_sma_b cumulative_o low_below_bo            5           20          1.5
3     signal_window_candles=4, bb_period     0.44      21       21      18         0     0.40   0.56   0.44   0.39   0.33 rsi_below_si low_in_sma_b cumulative_o low_below_bo            4           20          1.5
4     signal_window_candles=8, bb_period     0.43      15       15      14         0     0.45   0.57   0.43   0.36   0.29 rsi_below_si low_in_sma_b cumulative_o low_below_bo            8           22          1.5
5     signal_window_candles=6, bb_period     0.41      20       20      17         0     0.24   0.59   0.41   0.35   0.29 rsi_below_si low_in_sma_b cumulative_o low_below_bo            6           20          1.5

no-entry triggers    : 0
zero-risk skipped    : 52
eod closes           : 0
daily report         : D:\Git Repo\fresh_dashboard\output_data\optimize_results\optimize_results_20260917_12sec_1min_3min.xlsx

====================================================================================================
DAY 9 - NIFTY_20260918_DASHBOARD.json
====================================================================================================
timeframes      : 12sec 1min 3min
LONG variants   : 80
SHORT variants  : 80

--- SHORT top variants (by hit rate, min setups 10) ---
rank  variant                            hit_rate  setups  entries  trades  no_entry  avg_pnl   stop     t1     t2     t3       cond_1       cond_2       cond_3       cond_4 signal_windo    bb_period   bb_num_std
1     signal_window_candles=1, bb_period     0.15      32       32      27         0    -0.55   0.85   0.15   0.11   0.07 rsi_above_si high_in_sma_ cumulative_o high_above_b            1           20          1.5
2     signal_window_candles=2, bb_period     0.12      28       28      25         0    -1.00   0.88   0.12   0.08   0.08 rsi_above_si high_in_sma_ cumulative_o high_above_b            2           20          1.5
3     signal_window_candles=1, bb_period     0.11      24       24      19         0    -0.50   0.90   0.10   0.05   0.00 rsi_above_si high_in_sma_ cumulative_o high_above_b            1           22          1.5
4     signal_window_candles=3, bb_period     0.09      25       25      22         0    -1.21   0.91   0.09   0.09   0.09 rsi_above_si high_in_sma_ cumulative_o high_above_b            3           20          1.5
5     signal_window_candles=2, bb_period     0.06      20       20      17         0    -1.16   0.94   0.06   0.00   0.00 rsi_above_si high_in_sma_ cumulative_o high_above_b            2           22          1.5

--- LONG top variants (by hit rate, min setups 10) ---
  (no LONG variant met the minimum setups guard)

no-entry triggers    : 0
zero-risk skipped    : 50
eod closes           : 0
daily report         : D:\Git Repo\fresh_dashboard\output_data\optimize_results\optimize_results_20260918_12sec_1min_3min.xlsx

====================================================================================================
DAY 10 - NIFTY_20260921_DASHBOARD.json
====================================================================================================
timeframes      : 12sec 1min 3min
LONG variants   : 80
SHORT variants  : 80

--- SHORT top variants (by hit rate, min setups 10) ---
  (no SHORT variant met the minimum setups guard)

--- LONG top variants (by hit rate, min setups 10) ---
rank  variant                            hit_rate  setups  entries  trades  no_entry  avg_pnl   stop     t1     t2     t3       cond_1       cond_2       cond_3       cond_4 signal_windo    bb_period   bb_num_std
1     signal_window_candles=5, bb_period     0.28      21       21      18         0    -0.78   0.72   0.28   0.22   0.22 rsi_below_si low_in_sma_b cumulative_o low_below_bo            5           22          1.5
2     signal_window_candles=7, bb_period     0.27      18       18      15         0    -1.19   0.73   0.27   0.20   0.20 rsi_below_si low_in_sma_b cumulative_o low_below_bo            7           22          1.5
3     signal_window_candles=4, bb_period     0.25      23       23      20         0    -0.76   0.75   0.25   0.20   0.20 rsi_below_si low_in_sma_b cumulative_o low_below_bo            4           22          1.5
4     signal_window_candles=6, bb_period     0.24      20       20      17         0    -1.09   0.77   0.23   0.18   0.18 rsi_below_si low_in_sma_b cumulative_o low_below_bo            6           22          1.5
5     signal_window_candles=3, bb_period     0.22      26       26      23         0    -0.80   0.78   0.22   0.17   0.17 rsi_below_si low_in_sma_b cumulative_o low_below_bo            3           22          1.5

no-entry triggers    : 0
zero-risk skipped    : 156
eod closes           : 0
daily report         : D:\Git Repo\fresh_dashboard\output_data\optimize_results\optimize_results_20260921_12sec_1min_3min.xlsx

====================================================================================================
DAY 11 - NIFTY_20260922_DASHBOARD.json
====================================================================================================
timeframes      : 12sec 1min 3min
LONG variants   : 80
SHORT variants  : 80

--- SHORT top variants (by hit rate, min setups 10) ---
rank  variant                            hit_rate  setups  entries  trades  no_entry  avg_pnl   stop     t1     t2     t3       cond_1       cond_2       cond_3       cond_4 signal_windo    bb_period   bb_num_std
1     signal_window_candles=8, bb_period     0.64      16       16      14         0     4.93   0.36   0.64   0.64   0.43 rsi_above_si high_in_sma_ cumulative_o high_above_b            8           20          1.5
2     signal_window_candles=9, bb_period     0.64      13       13      11         0     5.73   0.36   0.64   0.64   0.46 rsi_above_si high_in_sma_ cumulative_o high_above_b            9           20          1.5
3     signal_window_candles=7, bb_period     0.60      13       13      10         0     6.05   0.40   0.60   0.60   0.40 rsi_above_si high_in_sma_ cumulative_o high_above_b            7           22          1.5
4     signal_window_candles=7, bb_period     0.56      19       19      16         0     4.17   0.44   0.56   0.56   0.38 rsi_above_si high_in_sma_ cumulative_o high_above_b            7           20          1.5
5     signal_window_candles=6, bb_period     0.50      23       23      20         0     3.24   0.50   0.50   0.50   0.35 rsi_above_si high_in_sma_ cumulative_o high_above_b            6           20          1.5

--- LONG top variants (by hit rate, min setups 10) ---
  (no LONG variant met the minimum setups guard)

no-entry triggers    : 0
zero-risk skipped    : 115
eod closes           : 0
daily report         : D:\Git Repo\fresh_dashboard\output_data\optimize_results\optimize_results_20260922_12sec_1min_3min.xlsx

====================================================================================================
DAY 12 - NIFTY_20260923_DASHBOARD.json
====================================================================================================
timeframes      : 12sec 1min 3min
LONG variants   : 80
SHORT variants  : 80

--- SHORT top variants (by hit rate, min setups 10) ---
  (no SHORT variant met the minimum setups guard)

--- LONG top variants (by hit rate, min setups 10) ---
rank  variant                            hit_rate  setups  entries  trades  no_entry  avg_pnl   stop     t1     t2     t3       cond_1       cond_2       cond_3       cond_4 signal_windo    bb_period   bb_num_std
1     signal_window_candles=9, bb_period     0.55      13       13      11         0     0.26   0.46   0.55   0.46   0.36 rsi_below_si low_in_sma_b cumulative_o low_below_bo            9           20          1.5
2     signal_window_candles=9, bb_period     0.55      13       13      11         0     0.26   0.46   0.55   0.46   0.36 rsi_below_si low_in_sma_b cumulative_o low_below_bo            9           22          1.5
3     signal_window_candles=5, bb_period     0.52      28       28      25         0     0.44   0.48   0.52   0.40   0.28 rsi_below_si low_in_sma_b cumulative_o low_below_bo            5           20          1.5
4     signal_window_candles=6, bb_period     0.50      25       25      22         0     0.61   0.50   0.50   0.41   0.32 rsi_below_si low_in_sma_b cumulative_o low_below_bo            6           20          1.5
5     signal_window_candles=7, bb_period     0.50      22       22      20         0     0.64   0.50   0.50   0.40   0.30 rsi_below_si low_in_sma_b cumulative_o low_below_bo            7           20          1.5

no-entry triggers    : 0
zero-risk skipped    : 72
eod closes           : 0
daily report         : D:\Git Repo\fresh_dashboard\output_data\optimize_results\optimize_results_20260923_12sec_1min_3min.xlsx

====================================================================================================
DAY 13 - NIFTY_20260924_DASHBOARD.json
====================================================================================================
timeframes      : 12sec 1min 3min
LONG variants   : 80
SHORT variants  : 80

--- SHORT top variants (by hit rate, min setups 10) ---
rank  variant                            hit_rate  setups  entries  trades  no_entry  avg_pnl   stop     t1     t2     t3       cond_1       cond_2       cond_3       cond_4 signal_windo    bb_period   bb_num_std
1     signal_window_candles=7, bb_period     0.64      16       16      11         0     6.55   0.36   0.64   0.55   0.46 rsi_above_si high_in_sma_ cumulative_o high_above_b            7           22          1.5
2     signal_window_candles=7, bb_period     0.58      17       17      12         0     6.10   0.42   0.58   0.50   0.42 rsi_above_si high_in_sma_ cumulative_o high_above_b            7           20          1.5
3     signal_window_candles=5, bb_period     0.54      18       18      13         0     5.43   0.46   0.54   0.46   0.39 rsi_above_si high_in_sma_ cumulative_o high_above_b            5           22          1.5
4     signal_window_candles=6, bb_period     0.54      18       18      13         0     5.43   0.46   0.54   0.46   0.39 rsi_above_si high_in_sma_ cumulative_o high_above_b            6           22          1.5
5     signal_window_candles=2, bb_period     0.53      21       21      15         0     4.64   0.47   0.53   0.47   0.40 rsi_above_si high_in_sma_ cumulative_o high_above_b            2           22          1.5

--- LONG top variants (by hit rate, min setups 10) ---
  (no LONG variant met the minimum setups guard)

no-entry triggers    : 0
zero-risk skipped    : 144
eod closes           : 1
daily report         : D:\Git Repo\fresh_dashboard\output_data\optimize_results\optimize_results_20260924_12sec_1min_3min.xlsx

====================================================================================================
DAY 14 - NIFTY_20260925_DASHBOARD.json
====================================================================================================
timeframes      : 12sec 1min 3min
LONG variants   : 80
SHORT variants  : 80

--- SHORT top variants (by hit rate, min setups 10) ---
rank  variant                            hit_rate  setups  entries  trades  no_entry  avg_pnl   stop     t1     t2     t3       cond_1       cond_2       cond_3       cond_4 signal_windo    bb_period   bb_num_std
1     signal_window_candles=13, bb_perio     0.27      11       11      11         0     0.68   0.73   0.27   0.27   0.27 rsi_above_si high_in_sma_ cumulative_o high_above_b           13           20          1.5
2     signal_window_candles=13, bb_perio     0.25      12       12      12         0     0.59   0.75   0.25   0.25   0.25 rsi_above_si high_in_sma_ cumulative_o high_above_b           13           22          1.5
3     signal_window_candles=12, bb_perio     0.23      14       14      13         0     0.26   0.77   0.23   0.23   0.23 rsi_above_si high_in_sma_ cumulative_o high_above_b           12           20          1.5
4     signal_window_candles=12, bb_perio     0.21      15       15      14         0     0.21   0.79   0.21   0.21   0.21 rsi_above_si high_in_sma_ cumulative_o high_above_b           12           22          1.5
5     signal_window_candles=8, bb_period     0.21      15       15      14         0     0.09   0.79   0.21   0.21   0.21 rsi_above_si high_in_sma_ cumulative_o high_above_b            8           20          1.5

--- LONG top variants (by hit rate, min setups 10) ---
  (no LONG variant met the minimum setups guard)

no-entry triggers    : 0
zero-risk skipped    : 42
eod closes           : 0
daily report         : D:\Git Repo\fresh_dashboard\output_data\optimize_results\optimize_results_20260925_12sec_1min_3min.xlsx

====================================================================================================
COMBINED RUN SUMMARY
====================================================================================================
files processed         : 14
variants evaluated      : LONG 80 / SHORT 80
total triggers          : 6381
total entries           : 6381
total trades            : 5559
no-entry triggers       : 0
zero-risk skipped       : 822
eod closes              : 111

combined best SHORT
  variant : signal_window_candles=16, bb_period=20, bb_num_std=1.5
  cond_1           : rsi_above_signal_lookback(period=14, signal_period=14, signal_window_candles=16, skip_recent=1)
  cond_2           : high_in_sma_band(period=44)
  cond_3           : cumulative_oi_compare(side=ce_greater)
  cond_4           : high_above_bollinger_upper(bb_period=20, bb_num_std=1.5)
  signal_window_candles: 16
  bb_period        : 20
  bb_num_std       : 1.5
  hit_rate: 0.818
  setups  : 12
  entries : 12
  trades  : 11
  no_entry: 0
  avg_pnl : 10.17
  stop    : 0.182
  t1_rate : 0.818
  t2_rate : 0.727
  t3_rate : 0.727

near-best SHORT band (within 0.03 of best hit rate, setups >= 10)
  signal_window_candles=16, bb_period=20,  hit 0.818  setups 12  avg_pnl 10.17  stop 0.182
  signal_window_candles=16, bb_period=22,  hit 0.818  setups 12  avg_pnl 10.17  stop 0.182

combined best LONG
  variant : signal_window_candles=5, bb_period=20, bb_num_std=1.5
  cond_1           : rsi_below_signal_lookback(period=14, signal_period=14, signal_window_candles=5, skip_recent=1)
  cond_2           : low_in_sma_band(period=44)
  cond_3           : cumulative_oi_compare(side=pe_greater)
  cond_4           : low_below_bollinger_lower(bb_period=20, bb_num_std=1.5)
  signal_window_candles: 5
  bb_period        : 20
  bb_num_std       : 1.5
  hit_rate: 0.333
  setups  : 113
  entries : 113
  trades  : 96
  no_entry: 0
  avg_pnl : 0.13
  stop    : 0.656
  t1_rate : 0.333
  t2_rate : 0.281
  t3_rate : 0.24

near-best LONG band (within 0.03 of best hit rate, setups >= 10)
  signal_window_candles=5, bb_period=20, b hit 0.333  setups 113  avg_pnl 0.13  stop 0.656
  signal_window_candles=4, bb_period=20, b hit 0.324  setups 120  avg_pnl 0.07  stop 0.667
  signal_window_candles=6, bb_period=20, b hit 0.322  setups 104  avg_pnl 0.16  stop 0.667
  signal_window_candles=10, bb_period=20,  hit 0.316  setups 46  avg_pnl -0.18  stop 0.684
  signal_window_candles=3, bb_period=20, b hit 0.308  setups 138  avg_pnl -0.11  stop 0.683

what the numbers say
  - SHORT: best hit rate is not unique — 2 variants sit within 0.03 of the top; the pick is a band, not a single point.
  - SHORT best variant hit rate spans 50.0 pts across 3 day(s) — day-to-day hit rate varies a lot.
  - SHORT top3 day conc : 1.00 (share of the best variant's trades coming from its 3 biggest days).
  - LONG: best hit rate is not unique — 5 variants sit within 0.03 of the top; the pick is a band, not a single point.
  - LONG best variant hit rate spans 52.0 pts across 6 day(s) — day-to-day hit rate varies a lot.
  - LONG best variant is stop-heavy (stop rate 0.66).
  - LONG top3 day conc : 0.65 (share of the best variant's trades coming from its 3 biggest days).

ranking conclusion
  primary candidate   : signal_window_candles=16, bb_period=20, bb_num_std=1.5
    why   : highest SHORT hit rate (0.818) with 11 trades and 10.17 avg pts.
  secondary candidate : signal_window_candles=16, bb_period=22, bb_num_std=1.5
    why   : hit rate 0.818, avg P&L 10.17 pts.
  rejected as final pick: signal_window_candles=15, bb (0.69), signal_window_candles=15, bb (0.69), signal_window_candles=14, bb (0.55)
  primary candidate   : signal_window_candles=5, bb_period=20, bb_num_std=1.5
    why   : highest LONG hit rate (0.333) with 96 trades and 0.13 avg pts.
  secondary candidate : signal_window_candles=4, bb_period=20, bb_num_std=1.5
    why   : hit rate 0.324, avg P&L 0.07 pts.
  rejected as final pick: signal_window_candles=7, bb_ (0.30), signal_window_candles=1, bb_ (0.30), signal_window_candles=2, bb_ (0.30)

recommended next step
  1. freeze the primary candidate (SHORT: signal_window_candles=16, bb_period=20, bb_num_std=1.5, LONG: signal_window_candles=5, bb_period=20, bb_num_std=1.5).
  2. keep the secondary as a comparison if avg P&L matters more than hit rate.
  3. confirm the chosen candidate still holds on new days before final.

one-line conclusion
  Best usable candidates from this cartesian run: SHORT signal_window_candles=16, bb_period=20, bb_num_std=1.5 (hit 0.82, 11 trades, 10.17 avg pts); LONG signal_window_candles=5, bb_period=20, bb_num_std=1.5 (hit 0.33, 96 trades, 0.13 avg pts).
====================================================================================================
COMBINED EXCEL: D:\Git Repo\fresh_dashboard\output_data\optimize_results\optimize_combined_20260930_133401.xlsx

====================================================================================================
OPTIMIZE MODE COMPLETE: 14/14 file(s) processed
====================================================================================================
