====================================================================================================
NIFTY DIRECTIONAL STRATEGY ENGINE - OPTIMIZE RUN
====================================================================================================
config            : configs/optimization.json
mode              : optimize
input dir         : D:\Git Repo\fresh_dashboard/input data
file pattern      : NIFTY_*_DASHBOARD.json
output dir        : D:\Git Repo\fresh_dashboard/output_data/optimize_results

run settings
  entry rule        : disabled - the trigger candle itself is the entry candle (entry at its close, SL at its low/high)
  rr multiples      : 2.0 3.0 4.0
  min setups        : 100
  num_workers       : 12
  directions        : LONG SHORT

sweep scope
  condition group   : price_stuck_below_sma (LONG)
    window_candles   : 1 2 3 4 5 6 7 8 9 10 11 12 13 14 15 16 17 18 19 20
  condition group   : low_below_bollinger_lower (LONG)
    bb_period        : 20 22
    bb_num_std       : 1.5 2
  condition group   : price_stuck_above_sma (SHORT)
    window_candles   : 1 2 3 4 5 6 7 8 9 10 11 12 13 14 15 16 17 18 19 20
  condition group   : high_above_bollinger_upper (SHORT)
    bb_period        : 20 22
    bb_num_std       : 1.5 2
  cartesian variants: LONG 80 x SHORT 80 = 160 per timeframe
WARNING: NIFTY_20260908_DASHBOARD.json -> 0 real candles inside market hours (09:15:00-15:30:00) at 12sec; every candle is zero-filled. Check the source file's timestamps.
WARNING: NIFTY_20260908_DASHBOARD.json -> 0 real candles inside market hours (09:15:00-15:30:00) at 1min; every candle is zero-filled. Check the source file's timestamps.
WARNING: NIFTY_20260908_DASHBOARD.json -> 0 real candles inside market hours (09:15:00-15:30:00) at 3min; every candle is zero-filled. Check the source file's timestamps.

====================================================================================================
DAY 1 - NIFTY_20260908_DASHBOARD.json
====================================================================================================
timeframes      : 12sec 1min 3min
LONG variants   : 80
SHORT variants  : 80

--- SHORT top variants (by hit rate, min setups 100) ---
  (no SHORT variant met the minimum setups guard)

--- LONG top variants (by hit rate, min setups 100) ---
  (no LONG variant met the minimum setups guard)

no-entry triggers    : 0
zero-risk skipped    : 0
eod closes           : 0
daily report         : D:\Git Repo\fresh_dashboard\output_data\optimize_results\optimize_results_no_data_12sec_1min_3min.xlsx
WARNING: NIFTY_20260909_DASHBOARD.json -> 0 real candles inside market hours (09:15:00-15:30:00) at 12sec; every candle is zero-filled. Check the source file's timestamps.
WARNING: NIFTY_20260909_DASHBOARD.json -> 0 real candles inside market hours (09:15:00-15:30:00) at 1min; every candle is zero-filled. Check the source file's timestamps.
WARNING: NIFTY_20260909_DASHBOARD.json -> 0 real candles inside market hours (09:15:00-15:30:00) at 3min; every candle is zero-filled. Check the source file's timestamps.

====================================================================================================
DAY 2 - NIFTY_20260909_DASHBOARD.json
====================================================================================================
timeframes      : 12sec 1min 3min
LONG variants   : 80
SHORT variants  : 80

--- SHORT top variants (by hit rate, min setups 100) ---
  (no SHORT variant met the minimum setups guard)

--- LONG top variants (by hit rate, min setups 100) ---
  (no LONG variant met the minimum setups guard)

no-entry triggers    : 0
zero-risk skipped    : 0
eod closes           : 0
daily report         : D:\Git Repo\fresh_dashboard\output_data\optimize_results\optimize_results_no_data_12sec_1min_3min.xlsx

====================================================================================================
DAY 3 - NIFTY_20260910_DASHBOARD.json
====================================================================================================
timeframes      : 12sec 1min 3min
LONG variants   : 80
SHORT variants  : 80

--- SHORT top variants (by hit rate, min setups 100) ---
  (no SHORT variant met the minimum setups guard)

--- LONG top variants (by hit rate, min setups 100) ---
  (no LONG variant met the minimum setups guard)

no-entry triggers    : 0
zero-risk skipped    : 28
eod closes           : 0
daily report         : D:\Git Repo\fresh_dashboard\output_data\optimize_results\optimize_results_20260910_12sec_1min_3min.xlsx

====================================================================================================
DAY 4 - NIFTY_20260911_DASHBOARD.json
====================================================================================================
timeframes      : 12sec 1min 3min
LONG variants   : 80
SHORT variants  : 80

--- SHORT top variants (by hit rate, min setups 100) ---
  (no SHORT variant met the minimum setups guard)

--- LONG top variants (by hit rate, min setups 100) ---
  (no LONG variant met the minimum setups guard)

no-entry triggers    : 0
zero-risk skipped    : 4
eod closes           : 1
daily report         : D:\Git Repo\fresh_dashboard\output_data\optimize_results\optimize_results_20260911_12sec_1min_3min.xlsx
WARNING: NIFTY_20260914_DASHBOARD.json -> 0 real candles inside market hours (09:15:00-15:30:00) at 12sec; every candle is zero-filled. Check the source file's timestamps.
WARNING: NIFTY_20260914_DASHBOARD.json -> 0 real candles inside market hours (09:15:00-15:30:00) at 1min; every candle is zero-filled. Check the source file's timestamps.
WARNING: NIFTY_20260914_DASHBOARD.json -> 0 real candles inside market hours (09:15:00-15:30:00) at 3min; every candle is zero-filled. Check the source file's timestamps.

====================================================================================================
DAY 5 - NIFTY_20260914_DASHBOARD.json
====================================================================================================
timeframes      : 12sec 1min 3min
LONG variants   : 80
SHORT variants  : 80

--- SHORT top variants (by hit rate, min setups 100) ---
  (no SHORT variant met the minimum setups guard)

--- LONG top variants (by hit rate, min setups 100) ---
  (no LONG variant met the minimum setups guard)

no-entry triggers    : 0
zero-risk skipped    : 0
eod closes           : 0
daily report         : D:\Git Repo\fresh_dashboard\output_data\optimize_results\optimize_results_no_data_12sec_1min_3min.xlsx

====================================================================================================
DAY 6 - NIFTY_20260915_DASHBOARD.json
====================================================================================================
timeframes      : 12sec 1min 3min
LONG variants   : 80
SHORT variants  : 80

--- SHORT top variants (by hit rate, min setups 100) ---
  (no SHORT variant met the minimum setups guard)

--- LONG top variants (by hit rate, min setups 100) ---
  (no LONG variant met the minimum setups guard)

no-entry triggers    : 0
zero-risk skipped    : 17
eod closes           : 0
daily report         : D:\Git Repo\fresh_dashboard\output_data\optimize_results\optimize_results_20260915_12sec_1min_3min.xlsx

====================================================================================================
DAY 7 - NIFTY_20260916_DASHBOARD.json
====================================================================================================
timeframes      : 12sec 1min 3min
LONG variants   : 80
SHORT variants  : 80

--- SHORT top variants (by hit rate, min setups 100) ---
  (no SHORT variant met the minimum setups guard)

--- LONG top variants (by hit rate, min setups 100) ---
  (no LONG variant met the minimum setups guard)

no-entry triggers    : 0
zero-risk skipped    : 19
eod closes           : 0
daily report         : D:\Git Repo\fresh_dashboard\output_data\optimize_results\optimize_results_20260916_12sec_1min_3min.xlsx

====================================================================================================
DAY 8 - NIFTY_20260917_DASHBOARD.json
====================================================================================================
timeframes      : 12sec 1min 3min
LONG variants   : 80
SHORT variants  : 80

--- SHORT top variants (by hit rate, min setups 100) ---
  (no SHORT variant met the minimum setups guard)

--- LONG top variants (by hit rate, min setups 100) ---
  (no LONG variant met the minimum setups guard)

no-entry triggers    : 0
zero-risk skipped    : 13
eod closes           : 0
daily report         : D:\Git Repo\fresh_dashboard\output_data\optimize_results\optimize_results_20260917_12sec_1min_3min.xlsx

====================================================================================================
DAY 9 - NIFTY_20260918_DASHBOARD.json
====================================================================================================
timeframes      : 12sec 1min 3min
LONG variants   : 80
SHORT variants  : 80

--- SHORT top variants (by hit rate, min setups 100) ---
  (no SHORT variant met the minimum setups guard)

--- LONG top variants (by hit rate, min setups 100) ---
  (no LONG variant met the minimum setups guard)

no-entry triggers    : 0
zero-risk skipped    : 16
eod closes           : 0
daily report         : D:\Git Repo\fresh_dashboard\output_data\optimize_results\optimize_results_20260918_12sec_1min_3min.xlsx

====================================================================================================
DAY 10 - NIFTY_20260921_DASHBOARD.json
====================================================================================================
timeframes      : 12sec 1min 3min
LONG variants   : 80
SHORT variants  : 80

--- SHORT top variants (by hit rate, min setups 100) ---
  (no SHORT variant met the minimum setups guard)

--- LONG top variants (by hit rate, min setups 100) ---
  (no LONG variant met the minimum setups guard)

no-entry triggers    : 0
zero-risk skipped    : 31
eod closes           : 0
daily report         : D:\Git Repo\fresh_dashboard\output_data\optimize_results\optimize_results_20260921_12sec_1min_3min.xlsx

====================================================================================================
DAY 11 - NIFTY_20260922_DASHBOARD.json
====================================================================================================
timeframes      : 12sec 1min 3min
LONG variants   : 80
SHORT variants  : 80

--- SHORT top variants (by hit rate, min setups 100) ---
  (no SHORT variant met the minimum setups guard)

--- LONG top variants (by hit rate, min setups 100) ---
  (no LONG variant met the minimum setups guard)

no-entry triggers    : 0
zero-risk skipped    : 23
eod closes           : 0
daily report         : D:\Git Repo\fresh_dashboard\output_data\optimize_results\optimize_results_20260922_12sec_1min_3min.xlsx

====================================================================================================
DAY 12 - NIFTY_20260923_DASHBOARD.json
====================================================================================================
timeframes      : 12sec 1min 3min
LONG variants   : 80
SHORT variants  : 80

--- SHORT top variants (by hit rate, min setups 100) ---
  (no SHORT variant met the minimum setups guard)

--- LONG top variants (by hit rate, min setups 100) ---
  (no LONG variant met the minimum setups guard)

no-entry triggers    : 0
zero-risk skipped    : 40
eod closes           : 0
daily report         : D:\Git Repo\fresh_dashboard\output_data\optimize_results\optimize_results_20260923_12sec_1min_3min.xlsx

====================================================================================================
DAY 13 - NIFTY_20260924_DASHBOARD.json
====================================================================================================
timeframes      : 12sec 1min 3min
LONG variants   : 80
SHORT variants  : 80

--- SHORT top variants (by hit rate, min setups 100) ---
  (no SHORT variant met the minimum setups guard)

--- LONG top variants (by hit rate, min setups 100) ---
  (no LONG variant met the minimum setups guard)

no-entry triggers    : 0
zero-risk skipped    : 20
eod closes           : 1
daily report         : D:\Git Repo\fresh_dashboard\output_data\optimize_results\optimize_results_20260924_12sec_1min_3min.xlsx

====================================================================================================
DAY 14 - NIFTY_20260925_DASHBOARD.json
====================================================================================================
timeframes      : 12sec 1min 3min
LONG variants   : 80
SHORT variants  : 80

--- SHORT top variants (by hit rate, min setups 100) ---
  (no SHORT variant met the minimum setups guard)

--- LONG top variants (by hit rate, min setups 100) ---
  (no LONG variant met the minimum setups guard)

no-entry triggers    : 0
zero-risk skipped    : 4
eod closes           : 0
daily report         : D:\Git Repo\fresh_dashboard\output_data\optimize_results\optimize_results_20260925_12sec_1min_3min.xlsx

====================================================================================================
COMBINED RUN SUMMARY
====================================================================================================
files processed         : 14
variants evaluated      : LONG 80 / SHORT 80
total triggers          : 2043
total entries           : 2043
total trades            : 1828
no-entry triggers       : 0
zero-risk skipped       : 215
eod closes              : 26

combined best SHORT
  variant : window_candles=1, bb_period=20, bb_num_std=1.5
  cond_1           : price_stuck_above_sma(period=9, window_candles=1, skip_recent=1)
  cond_2           : high_in_sma_band(period=44)
  cond_3           : cumulative_oi_compare(side=ce_greater)
  cond_4           : high_above_bollinger_upper(bb_period=20, bb_num_std=1.5)
  window_candles   : 1
  bb_period        : 20
  bb_num_std       : 1.5
  hit_rate: 0.261
  setups  : 134
  entries : 134
  trades  : 119
  no_entry: 0
  avg_pnl : 0.9
  stop    : 0.739
  t1_rate : 0.261
  t2_rate : 0.218
  t3_rate : 0.193

near-best SHORT band (within 0.03 of best hit rate, setups >= 100)
  window_candles=1, bb_period=20, bb_num_s hit 0.261  setups 134  avg_pnl 0.9  stop 0.739

combined best LONG
  (no variant met the minimum setups guard)

what the numbers say
  - SHORT: one variant clearly leads the sweep.
  - SHORT best variant hit rate spans 35.7 pts across 6 day(s) — day-to-day hit rate varies a lot.
  - SHORT best variant is stop-heavy (stop rate 0.74).
  - SHORT top3 day conc : 0.72 (share of the best variant's trades coming from its 3 biggest days).

ranking conclusion
  primary candidate   : window_candles=1, bb_period=20, bb_num_std=1.5
    why   : highest SHORT hit rate (0.261) with 119 trades and 0.9 avg pts.

recommended next step
  1. freeze the primary candidate (SHORT: window_candles=1, bb_period=20, bb_num_std=1.5).
  2. keep the secondary as a comparison if avg P&L matters more than hit rate.
  3. confirm the chosen candidate still holds on new days before final.

one-line conclusion
  Best usable candidates from this cartesian run: SHORT window_candles=1, bb_period=20, bb_num_std=1.5 (hit 0.26, 119 trades, 0.9 avg pts).
====================================================================================================
COMBINED EXCEL: D:\Git Repo\fresh_dashboard\output_data\optimize_results\optimize_combined_20260930_132945.xlsx

====================================================================================================
OPTIMIZE MODE COMPLETE: 14/14 file(s) processed
====================================================================================================
