====================================================================================================
NIFTY DIRECTIONAL STRATEGY ENGINE - OPTIMIZE RUN
====================================================================================================
config            : configs/optimization.json
mode              : optimize
input dir         : D:\Git Repo\fresh_dashboard/input data
file pattern      : NIFTY_*_DASHBOARD.json
output dir        : D:\Git Repo\fresh_dashboard/output_data/optimize_results

run settings
  entry rule        : disabled - the trigger candle itself is the entry candle (entry at its close, SL at its low/high)
  rr multiples      : 2.0 3.0 4.0
  min setups        : 10
  num_workers       : 12
  directions        : LONG SHORT

sweep scope
  condition group   : rsi_range (LONG)
    max              : 50 51 52 53 54 55 56 57 58 59 60 61 62 63 64 65 66 67 68 69 70 71 72 73 74 75 76 77 78 79 80
  condition group   : low_below_bollinger_lower (LONG)
    bb_period        : 20 22
    bb_num_std       : 1.5 2
  condition group   : rsi_range (SHORT)
    max              : 50 51 52 53 54 55 56 57 58 59 60 61 62 63 64 65 66 67 68 69 70 71 72 73 74 75 76 77 78 79 80
  condition group   : high_above_bollinger_upper (SHORT)
    bb_period        : 20 22
    bb_num_std       : 1.5 2
  cartesian variants: LONG 124 x SHORT 124 = 248 per timeframe
WARNING: NIFTY_20260908_DASHBOARD.json -> 0 real candles inside market hours (09:15:00-15:30:00) at 12sec; every candle is zero-filled. Check the source file's timestamps.
WARNING: NIFTY_20260908_DASHBOARD.json -> 0 real candles inside market hours (09:15:00-15:30:00) at 1min; every candle is zero-filled. Check the source file's timestamps.
WARNING: NIFTY_20260908_DASHBOARD.json -> 0 real candles inside market hours (09:15:00-15:30:00) at 3min; every candle is zero-filled. Check the source file's timestamps.

====================================================================================================
DAY 1 - NIFTY_20260908_DASHBOARD.json
====================================================================================================
timeframes      : 12sec 1min 3min
LONG variants   : 124
SHORT variants  : 124

--- SHORT top variants (by hit rate, min setups 10) ---
  (no SHORT variant met the minimum setups guard)

--- LONG top variants (by hit rate, min setups 10) ---
  (no LONG variant met the minimum setups guard)

no-entry triggers    : 0
zero-risk skipped    : 0
eod closes           : 0
daily report         : D:\Git Repo\fresh_dashboard\output_data\optimize_results\optimize_results_no_data_12sec_1min_3min.xlsx
WARNING: NIFTY_20260909_DASHBOARD.json -> 0 real candles inside market hours (09:15:00-15:30:00) at 12sec; every candle is zero-filled. Check the source file's timestamps.
WARNING: NIFTY_20260909_DASHBOARD.json -> 0 real candles inside market hours (09:15:00-15:30:00) at 1min; every candle is zero-filled. Check the source file's timestamps.
WARNING: NIFTY_20260909_DASHBOARD.json -> 0 real candles inside market hours (09:15:00-15:30:00) at 3min; every candle is zero-filled. Check the source file's timestamps.

====================================================================================================
DAY 2 - NIFTY_20260909_DASHBOARD.json
====================================================================================================
timeframes      : 12sec 1min 3min
LONG variants   : 124
SHORT variants  : 124

--- SHORT top variants (by hit rate, min setups 10) ---
  (no SHORT variant met the minimum setups guard)

--- LONG top variants (by hit rate, min setups 10) ---
  (no LONG variant met the minimum setups guard)

no-entry triggers    : 0
zero-risk skipped    : 0
eod closes           : 0
daily report         : D:\Git Repo\fresh_dashboard\output_data\optimize_results\optimize_results_no_data_12sec_1min_3min.xlsx

====================================================================================================
DAY 3 - NIFTY_20260910_DASHBOARD.json
====================================================================================================
timeframes      : 12sec 1min 3min
LONG variants   : 124
SHORT variants  : 124

--- SHORT top variants (by hit rate, min setups 10) ---
  (no SHORT variant met the minimum setups guard)

--- LONG top variants (by hit rate, min setups 10) ---
  (no LONG variant met the minimum setups guard)

no-entry triggers    : 0
zero-risk skipped    : 248
eod closes           : 0
daily report         : D:\Git Repo\fresh_dashboard\output_data\optimize_results\optimize_results_20260910_12sec_1min_3min.xlsx

====================================================================================================
DAY 4 - NIFTY_20260911_DASHBOARD.json
====================================================================================================
timeframes      : 12sec 1min 3min
LONG variants   : 124
SHORT variants  : 124

--- SHORT top variants (by hit rate, min setups 10) ---
  (no SHORT variant met the minimum setups guard)

--- LONG top variants (by hit rate, min setups 10) ---
rank  variant                            hit_rate  setups  entries  trades  no_entry  avg_pnl   stop     t1     t2     t3       cond_1       cond_2       cond_3       cond_4          max    bb_period   bb_num_std
1     max=64, bb_period=20, bb_num_std=1     0.29      30       30      28         0     1.00   0.68   0.29   0.29   0.29 rsi_range(pe low_in_sma_b cumulative_o low_below_bo           64           20          1.5
2     max=53, bb_period=20, bb_num_std=1     0.29      30       30      28         0     1.00   0.68   0.29   0.29   0.29 rsi_range(pe low_in_sma_b cumulative_o low_below_bo           53           20          1.5
3     max=63, bb_period=20, bb_num_std=1     0.29      30       30      28         0     1.00   0.68   0.29   0.29   0.29 rsi_range(pe low_in_sma_b cumulative_o low_below_bo           63           20          1.5
4     max=52, bb_period=20, bb_num_std=1     0.29      30       30      28         0     1.00   0.68   0.29   0.29   0.29 rsi_range(pe low_in_sma_b cumulative_o low_below_bo           52           20          1.5
5     max=62, bb_period=20, bb_num_std=1     0.29      30       30      28         0     1.00   0.68   0.29   0.29   0.29 rsi_range(pe low_in_sma_b cumulative_o low_below_bo           62           20          1.5

no-entry triggers    : 0
zero-risk skipped    : 114
eod closes           : 1
daily report         : D:\Git Repo\fresh_dashboard\output_data\optimize_results\optimize_results_20260911_12sec_1min_3min.xlsx
WARNING: NIFTY_20260914_DASHBOARD.json -> 0 real candles inside market hours (09:15:00-15:30:00) at 12sec; every candle is zero-filled. Check the source file's timestamps.
WARNING: NIFTY_20260914_DASHBOARD.json -> 0 real candles inside market hours (09:15:00-15:30:00) at 1min; every candle is zero-filled. Check the source file's timestamps.
WARNING: NIFTY_20260914_DASHBOARD.json -> 0 real candles inside market hours (09:15:00-15:30:00) at 3min; every candle is zero-filled. Check the source file's timestamps.

====================================================================================================
DAY 5 - NIFTY_20260914_DASHBOARD.json
====================================================================================================
timeframes      : 12sec 1min 3min
LONG variants   : 124
SHORT variants  : 124

--- SHORT top variants (by hit rate, min setups 10) ---
  (no SHORT variant met the minimum setups guard)

--- LONG top variants (by hit rate, min setups 10) ---
  (no LONG variant met the minimum setups guard)

no-entry triggers    : 0
zero-risk skipped    : 0
eod closes           : 0
daily report         : D:\Git Repo\fresh_dashboard\output_data\optimize_results\optimize_results_no_data_12sec_1min_3min.xlsx

====================================================================================================
DAY 6 - NIFTY_20260915_DASHBOARD.json
====================================================================================================
timeframes      : 12sec 1min 3min
LONG variants   : 124
SHORT variants  : 124

--- SHORT top variants (by hit rate, min setups 10) ---
rank  variant                            hit_rate  setups  entries  trades  no_entry  avg_pnl   stop     t1     t2     t3       cond_1       cond_2       cond_3       cond_4          max    bb_period   bb_num_std
1     max=54, bb_period=20, bb_num_std=2     0.48      23       23      23         0     3.05   0.48   0.48   0.30   0.26 rsi_range(pe high_in_sma_ cumulative_o high_above_b           54           20            2
2     max=56, bb_period=20, bb_num_std=2     0.48      24       24      23         0     3.05   0.48   0.48   0.30   0.26 rsi_range(pe high_in_sma_ cumulative_o high_above_b           56           20            2
3     max=55, bb_period=20, bb_num_std=2     0.48      23       23      23         0     3.05   0.48   0.48   0.30   0.26 rsi_range(pe high_in_sma_ cumulative_o high_above_b           55           20            2
4     max=53, bb_period=20, bb_num_std=2     0.47      19       19      19         0     3.34   0.47   0.47   0.26   0.21 rsi_range(pe high_in_sma_ cumulative_o high_above_b           53           20            2
5     max=52, bb_period=20, bb_num_std=2     0.47      15       15      15         0     4.01   0.47   0.47   0.20   0.20 rsi_range(pe high_in_sma_ cumulative_o high_above_b           52           20            2

--- LONG top variants (by hit rate, min setups 10) ---
  (no LONG variant met the minimum setups guard)

no-entry triggers    : 0
zero-risk skipped    : 167
eod closes           : 3
daily report         : D:\Git Repo\fresh_dashboard\output_data\optimize_results\optimize_results_20260915_12sec_1min_3min.xlsx

====================================================================================================
DAY 7 - NIFTY_20260916_DASHBOARD.json
====================================================================================================
timeframes      : 12sec 1min 3min
LONG variants   : 124
SHORT variants  : 124

--- SHORT top variants (by hit rate, min setups 10) ---
  (no SHORT variant met the minimum setups guard)

--- LONG top variants (by hit rate, min setups 10) ---
rank  variant                            hit_rate  setups  entries  trades  no_entry  avg_pnl   stop     t1     t2     t3       cond_1       cond_2       cond_3       cond_4          max    bb_period   bb_num_std
1     max=57, bb_period=20, bb_num_std=1     0.19      26       26      21         0    -2.43   0.81   0.19   0.19   0.19 rsi_range(pe low_in_sma_b cumulative_o low_below_bo           57           20          1.5
2     max=56, bb_period=20, bb_num_std=1     0.19      26       26      21         0    -2.43   0.81   0.19   0.19   0.19 rsi_range(pe low_in_sma_b cumulative_o low_below_bo           56           20          1.5
3     max=69, bb_period=20, bb_num_std=1     0.19      26       26      21         0    -2.43   0.81   0.19   0.19   0.19 rsi_range(pe low_in_sma_b cumulative_o low_below_bo           69           20          1.5
4     max=68, bb_period=20, bb_num_std=1     0.19      26       26      21         0    -2.43   0.81   0.19   0.19   0.19 rsi_range(pe low_in_sma_b cumulative_o low_below_bo           68           20          1.5
5     max=55, bb_period=20, bb_num_std=1     0.19      26       26      21         0    -2.43   0.81   0.19   0.19   0.19 rsi_range(pe low_in_sma_b cumulative_o low_below_bo           55           20          1.5

no-entry triggers    : 0
zero-risk skipped    : 279
eod closes           : 0
daily report         : D:\Git Repo\fresh_dashboard\output_data\optimize_results\optimize_results_20260916_12sec_1min_3min.xlsx

====================================================================================================
DAY 8 - NIFTY_20260917_DASHBOARD.json
====================================================================================================
timeframes      : 12sec 1min 3min
LONG variants   : 124
SHORT variants  : 124

--- SHORT top variants (by hit rate, min setups 10) ---
  (no SHORT variant met the minimum setups guard)

--- LONG top variants (by hit rate, min setups 10) ---
rank  variant                            hit_rate  setups  entries  trades  no_entry  avg_pnl   stop     t1     t2     t3       cond_1       cond_2       cond_3       cond_4          max    bb_period   bb_num_std
1     max=51, bb_period=20, bb_num_std=1     0.43      24       24      21         0     0.34   0.57   0.43   0.38   0.33 rsi_range(pe low_in_sma_b cumulative_o low_below_bo           51           20          1.5
2     max=50, bb_period=20, bb_num_std=1     0.43      24       24      21         0     0.34   0.57   0.43   0.38   0.33 rsi_range(pe low_in_sma_b cumulative_o low_below_bo           50           20          1.5
3     max=57, bb_period=20, bb_num_std=1     0.41      25       25      22         0     0.20   0.59   0.41   0.36   0.32 rsi_range(pe low_in_sma_b cumulative_o low_below_bo           57           20          1.5
4     max=56, bb_period=20, bb_num_std=1     0.41      25       25      22         0     0.20   0.59   0.41   0.36   0.32 rsi_range(pe low_in_sma_b cumulative_o low_below_bo           56           20          1.5
5     max=69, bb_period=20, bb_num_std=1     0.41      25       25      22         0     0.20   0.59   0.41   0.36   0.32 rsi_range(pe low_in_sma_b cumulative_o low_below_bo           69           20          1.5

no-entry triggers    : 0
zero-risk skipped    : 155
eod closes           : 0
daily report         : D:\Git Repo\fresh_dashboard\output_data\optimize_results\optimize_results_20260917_12sec_1min_3min.xlsx

====================================================================================================
DAY 9 - NIFTY_20260918_DASHBOARD.json
====================================================================================================
timeframes      : 12sec 1min 3min
LONG variants   : 124
SHORT variants  : 124

--- SHORT top variants (by hit rate, min setups 10) ---
rank  variant                            hit_rate  setups  entries  trades  no_entry  avg_pnl   stop     t1     t2     t3       cond_1       cond_2       cond_3       cond_4          max    bb_period   bb_num_std
1     max=53, bb_period=20, bb_num_std=1     0.21      14       14      14         0    -0.51   0.79   0.21   0.14   0.07 rsi_range(pe high_in_sma_ cumulative_o high_above_b           53           20          1.5
2     max=54, bb_period=20, bb_num_std=1     0.21      20       20      19         0    -0.49   0.79   0.21   0.16   0.10 rsi_range(pe high_in_sma_ cumulative_o high_above_b           54           20          1.5
3     max=54, bb_period=22, bb_num_std=1     0.18      12       12      11         0    -0.33   0.82   0.18   0.09   0.00 rsi_range(pe high_in_sma_ cumulative_o high_above_b           54           22          1.5
4     max=52, bb_period=20, bb_num_std=1     0.18      11       11      11         0    -0.81   0.82   0.18   0.18   0.09 rsi_range(pe high_in_sma_ cumulative_o high_above_b           52           20          1.5
5     max=55, bb_period=20, bb_num_std=1     0.18      23       23      22         0    -0.55   0.82   0.18   0.14   0.09 rsi_range(pe high_in_sma_ cumulative_o high_above_b           55           20          1.5

--- LONG top variants (by hit rate, min setups 10) ---
  (no LONG variant met the minimum setups guard)

no-entry triggers    : 0
zero-risk skipped    : 384
eod closes           : 0
daily report         : D:\Git Repo\fresh_dashboard\output_data\optimize_results\optimize_results_20260918_12sec_1min_3min.xlsx

====================================================================================================
DAY 10 - NIFTY_20260921_DASHBOARD.json
====================================================================================================
timeframes      : 12sec 1min 3min
LONG variants   : 124
SHORT variants  : 124

--- SHORT top variants (by hit rate, min setups 10) ---
  (no SHORT variant met the minimum setups guard)

--- LONG top variants (by hit rate, min setups 10) ---
rank  variant                            hit_rate  setups  entries  trades  no_entry  avg_pnl   stop     t1     t2     t3       cond_1       cond_2       cond_3       cond_4          max    bb_period   bb_num_std
1     max=50, bb_period=22, bb_num_std=1     0.31      22       22      16         0    -0.37   0.69   0.31   0.25   0.25 rsi_range(pe low_in_sma_b cumulative_o low_below_bo           50           22          1.5
2     max=51, bb_period=22, bb_num_std=1     0.30      26       26      20         0    -0.30   0.70   0.30   0.25   0.25 rsi_range(pe low_in_sma_b cumulative_o low_below_bo           51           22          1.5
3     max=50, bb_period=20, bb_num_std=1     0.28      26       26      18         0    -0.43   0.72   0.28   0.22   0.22 rsi_range(pe low_in_sma_b cumulative_o low_below_bo           50           20          1.5
4     max=51, bb_period=20, bb_num_std=1     0.27      30       30      22         0    -0.36   0.73   0.27   0.23   0.23 rsi_range(pe low_in_sma_b cumulative_o low_below_bo           51           20          1.5
5     max=52, bb_period=22, bb_num_std=1     0.26      29       29      23         0    -0.50   0.74   0.26   0.22   0.22 rsi_range(pe low_in_sma_b cumulative_o low_below_bo           52           22          1.5

no-entry triggers    : 0
zero-risk skipped    : 558
eod closes           : 0
daily report         : D:\Git Repo\fresh_dashboard\output_data\optimize_results\optimize_results_20260921_12sec_1min_3min.xlsx

====================================================================================================
DAY 11 - NIFTY_20260922_DASHBOARD.json
====================================================================================================
timeframes      : 12sec 1min 3min
LONG variants   : 124
SHORT variants  : 124

--- SHORT top variants (by hit rate, min setups 10) ---
rank  variant                            hit_rate  setups  entries  trades  no_entry  avg_pnl   stop     t1     t2     t3       cond_1       cond_2       cond_3       cond_4          max    bb_period   bb_num_std
1     max=52, bb_period=20, bb_num_std=1     0.64      11       11      11         0     4.89   0.36   0.64   0.64   0.46 rsi_range(pe high_in_sma_ cumulative_o high_above_b           52           20          1.5
2     max=54, bb_period=20, bb_num_std=1     0.62      16       16      16         0     3.95   0.38   0.62   0.62   0.44 rsi_range(pe high_in_sma_ cumulative_o high_above_b           54           20          1.5
3     max=53, bb_period=20, bb_num_std=1     0.60      15       15      15         0     3.85   0.40   0.60   0.60   0.40 rsi_range(pe high_in_sma_ cumulative_o high_above_b           53           20          1.5
4     max=56, bb_period=20, bb_num_std=1     0.48      25       25      23         0     2.41   0.52   0.48   0.48   0.35 rsi_range(pe high_in_sma_ cumulative_o high_above_b           56           20          1.5
5     max=55, bb_period=20, bb_num_std=1     0.48      22       22      21         0     2.67   0.52   0.48   0.48   0.33 rsi_range(pe high_in_sma_ cumulative_o high_above_b           55           20          1.5

--- LONG top variants (by hit rate, min setups 10) ---
  (no LONG variant met the minimum setups guard)

no-entry triggers    : 0
zero-risk skipped    : 337
eod closes           : 0
daily report         : D:\Git Repo\fresh_dashboard\output_data\optimize_results\optimize_results_20260922_12sec_1min_3min.xlsx

====================================================================================================
DAY 12 - NIFTY_20260923_DASHBOARD.json
====================================================================================================
timeframes      : 12sec 1min 3min
LONG variants   : 124
SHORT variants  : 124

--- SHORT top variants (by hit rate, min setups 10) ---
  (no SHORT variant met the minimum setups guard)

--- LONG top variants (by hit rate, min setups 10) ---
rank  variant                            hit_rate  setups  entries  trades  no_entry  avg_pnl   stop     t1     t2     t3       cond_1       cond_2       cond_3       cond_4          max    bb_period   bb_num_std
1     max=50, bb_period=20, bb_num_std=1     0.52      35       35      31         0     0.70   0.48   0.52   0.35   0.29 rsi_range(pe low_in_sma_b cumulative_o low_below_bo           50           20          1.5
2     max=51, bb_period=20, bb_num_std=1     0.52      37       37      33         0     0.72   0.48   0.52   0.36   0.30 rsi_range(pe low_in_sma_b cumulative_o low_below_bo           51           20          1.5
3     max=52, bb_period=20, bb_num_std=1     0.51      39       39      35         0     0.72   0.49   0.51   0.37   0.31 rsi_range(pe low_in_sma_b cumulative_o low_below_bo           52           20          1.5
4     max=68, bb_period=20, bb_num_std=1     0.50      42       42      38         0     0.55   0.50   0.50   0.37   0.29 rsi_range(pe low_in_sma_b cumulative_o low_below_bo           68           20          1.5
5     max=56, bb_period=20, bb_num_std=1     0.50      42       42      38         0     0.55   0.50   0.50   0.37   0.29 rsi_range(pe low_in_sma_b cumulative_o low_below_bo           56           20          1.5

no-entry triggers    : 0
zero-risk skipped    : 310
eod closes           : 0
daily report         : D:\Git Repo\fresh_dashboard\output_data\optimize_results\optimize_results_20260923_12sec_1min_3min.xlsx

====================================================================================================
DAY 13 - NIFTY_20260924_DASHBOARD.json
====================================================================================================
timeframes      : 12sec 1min 3min
LONG variants   : 124
SHORT variants  : 124

--- SHORT top variants (by hit rate, min setups 10) ---
rank  variant                            hit_rate  setups  entries  trades  no_entry  avg_pnl   stop     t1     t2     t3       cond_1       cond_2       cond_3       cond_4          max    bb_period   bb_num_std
1     max=56, bb_period=22, bb_num_std=1     0.64      14       14      11         0     6.34   0.36   0.64   0.55   0.46 rsi_range(pe high_in_sma_ cumulative_o high_above_b           56           22          1.5
2     max=57, bb_period=22, bb_num_std=1     0.57      17       17      14         0     5.01   0.43   0.57   0.50   0.43 rsi_range(pe high_in_sma_ cumulative_o high_above_b           57           22          1.5
3     max=58, bb_period=22, bb_num_std=1     0.53      20       20      15         0     4.66   0.47   0.53   0.47   0.40 rsi_range(pe high_in_sma_ cumulative_o high_above_b           58           22          1.5
4     max=56, bb_period=20, bb_num_std=1     0.50      20       20      16         0     4.40   0.50   0.50   0.44   0.38 rsi_range(pe high_in_sma_ cumulative_o high_above_b           56           20          1.5
5     max=59, bb_period=22, bb_num_std=1     0.50      23       23      16         0     4.35   0.50   0.50   0.44   0.38 rsi_range(pe high_in_sma_ cumulative_o high_above_b           59           22          1.5

--- LONG top variants (by hit rate, min setups 10) ---
  (no LONG variant met the minimum setups guard)

no-entry triggers    : 0
zero-risk skipped    : 382
eod closes           : 1
daily report         : D:\Git Repo\fresh_dashboard\output_data\optimize_results\optimize_results_20260924_12sec_1min_3min.xlsx

====================================================================================================
DAY 14 - NIFTY_20260925_DASHBOARD.json
====================================================================================================
timeframes      : 12sec 1min 3min
LONG variants   : 124
SHORT variants  : 124

--- SHORT top variants (by hit rate, min setups 10) ---
rank  variant                            hit_rate  setups  entries  trades  no_entry  avg_pnl   stop     t1     t2     t3       cond_1       cond_2       cond_3       cond_4          max    bb_period   bb_num_std
1     max=54, bb_period=22, bb_num_std=1     0.22      18       18      18         0    -0.28   0.78   0.22   0.22   0.17 rsi_range(pe high_in_sma_ cumulative_o high_above_b           54           22          1.5
2     max=54, bb_period=20, bb_num_std=1     0.22      18       18      18         0    -0.38   0.78   0.22   0.22   0.17 rsi_range(pe high_in_sma_ cumulative_o high_above_b           54           20          1.5
3     max=55, bb_period=20, bb_num_std=1     0.22      18       18      18         0    -0.38   0.78   0.22   0.22   0.17 rsi_range(pe high_in_sma_ cumulative_o high_above_b           55           20          1.5
4     max=55, bb_period=22, bb_num_std=1     0.21      19       19      19         0    -0.29   0.79   0.21   0.21   0.16 rsi_range(pe high_in_sma_ cumulative_o high_above_b           55           22          1.5
5     max=51, bb_period=20, bb_num_std=1     0.20      10       10      10         0    -0.69   0.80   0.20   0.20   0.10 rsi_range(pe high_in_sma_ cumulative_o high_above_b           51           20          1.5

--- LONG top variants (by hit rate, min setups 10) ---
  (no LONG variant met the minimum setups guard)

no-entry triggers    : 0
zero-risk skipped    : 188
eod closes           : 0
daily report         : D:\Git Repo\fresh_dashboard\output_data\optimize_results\optimize_results_20260925_12sec_1min_3min.xlsx

====================================================================================================
COMBINED RUN SUMMARY
====================================================================================================
files processed         : 14
variants evaluated      : LONG 124 / SHORT 124
total triggers          : 25344
total entries           : 25344
total trades            : 22222
no-entry triggers       : 0
zero-risk skipped       : 3122
eod closes              : 480

combined best SHORT
  variant : max=51, bb_period=20, bb_num_std=2
  cond_1           : rsi_range(period=14, min=30, max=51)
  cond_2           : high_in_sma_band(period=44)
  cond_3           : cumulative_oi_compare(side=ce_greater)
  cond_4           : high_above_bollinger_upper(bb_period=20, bb_num_std=2)
  max              : 51
  bb_period        : 20
  bb_num_std       : 2
  hit_rate: 0.500
  setups  : 22
  entries : 22
  trades  : 22
  no_entry: 0
  avg_pnl : 3.39
  stop    : 0.455
  t1_rate : 0.5
  t2_rate : 0.318
  t3_rate : 0.227

near-best SHORT band (within 0.03 of best hit rate, setups >= 10)
  max=51, bb_period=20, bb_num_std=2       hit 0.500  setups 22  avg_pnl 3.39  stop 0.455
  max=52, bb_period=20, bb_num_std=2       hit 0.481  setups 27  avg_pnl 3.76  stop 0.481

combined best LONG
  variant : max=50, bb_period=20, bb_num_std=1.5
  cond_1           : rsi_range(period=14, min=30, max=50)
  cond_2           : low_in_sma_band(period=44)
  cond_3           : cumulative_oi_compare(side=pe_greater)
  cond_4           : low_below_bollinger_lower(bb_period=20, bb_num_std=1.5)
  max              : 50
  bb_period        : 20
  bb_num_std       : 1.5
  hit_rate: 0.339
  setups  : 147
  entries : 147
  trades  : 121
  no_entry: 0
  avg_pnl : -0.33
  stop    : 0.661
  t1_rate : 0.339
  t2_rate : 0.281
  t3_rate : 0.256

near-best LONG band (within 0.03 of best hit rate, setups >= 10)
  max=50, bb_period=20, bb_num_std=1.5     hit 0.339  setups 147  avg_pnl -0.33  stop 0.661
  max=51, bb_period=20, bb_num_std=1.5     hit 0.339  setups 156  avg_pnl -0.07  stop 0.654
  max=55, bb_period=20, bb_num_std=1.5     hit 0.333  setups 173  avg_pnl -0.11  stop 0.66
  max=54, bb_period=20, bb_num_std=1.5     hit 0.333  setups 173  avg_pnl -0.11  stop 0.66
  max=65, bb_period=20, bb_num_std=1.5     hit 0.331  setups 174  avg_pnl -0.12  stop 0.662
  max=64, bb_period=20, bb_num_std=1.5     hit 0.331  setups 174  avg_pnl -0.12  stop 0.662

what the numbers say
  - SHORT: best hit rate is not unique — 2 variants sit within 0.03 of the top; the pick is a band, not a single point.
  - SHORT best variant hit rate spans 100.0 pts across 6 day(s) — day-to-day hit rate varies a lot.
  - SHORT: runner-up 'max=52, bb_period=20, bb_num_std=2' has higher avg P&L (3.76 vs 3.39 pts) at hit rate 0.48.
  - SHORT top3 day conc : 0.77 (share of the best variant's trades coming from its 3 biggest days).
  - LONG: best hit rate is not unique — 37 variants sit within 0.03 of the top; the pick is a band, not a single point.
  - LONG best variant hit rate spans 37.3 pts across 6 day(s) — day-to-day hit rate varies a lot.
  - LONG best variant is stop-heavy (stop rate 0.66).
  - LONG: runner-up 'max=51, bb_period=20, bb_num_std=1.5' has higher avg P&L (-0.07 vs -0.33 pts) at hit rate 0.34.
  - LONG top3 day conc : 0.62 (share of the best variant's trades coming from its 3 biggest days).

ranking conclusion
  primary candidate   : max=51, bb_period=20, bb_num_std=2
    why   : highest SHORT hit rate (0.500) with 22 trades and 3.39 avg pts.
  secondary candidate : max=52, bb_period=20, bb_num_std=2
    why   : hit rate 0.481, avg P&L 3.76 pts.
  rejected as final pick: max=51, bb_period=22, bb_num (0.47), max=54, bb_period=20, bb_num (0.46), max=50, bb_period=22, bb_num (0.45)
  primary candidate   : max=50, bb_period=20, bb_num_std=1.5
    why   : highest LONG hit rate (0.339) with 121 trades and -0.33 avg pts.
  secondary candidate : max=51, bb_period=20, bb_num_std=1.5
    why   : hit rate 0.339, avg P&L -0.07 pts.
  rejected as final pick: max=64, bb_period=22, bb_num (0.31), max=63, bb_period=22, bb_num (0.31), max=62, bb_period=22, bb_num (0.31)

recommended next step
  1. freeze the primary candidate (SHORT: max=51, bb_period=20, bb_num_std=2, LONG: max=50, bb_period=20, bb_num_std=1.5).
  2. keep the secondary as a comparison if avg P&L matters more than hit rate.
  3. confirm the chosen candidate still holds on new days before final.

one-line conclusion
  Best usable candidates from this cartesian run: SHORT max=51, bb_period=20, bb_num_std=2 (hit 0.50, 22 trades, 3.39 avg pts); LONG max=50, bb_period=20, bb_num_std=1.5 (hit 0.34, 121 trades, -0.33 avg pts).
====================================================================================================
COMBINED EXCEL: D:\Git Repo\fresh_dashboard\output_data\optimize_results\optimize_combined_20260930_130009.xlsx

====================================================================================================
OPTIMIZE MODE COMPLETE: 14/14 file(s) processed
====================================================================================================
