====================================================================================================
NIFTY DIRECTIONAL STRATEGY ENGINE - OPTIMIZE RUN
====================================================================================================
config            : configs/optimization.json
mode              : optimize
input dir         : D:\Git Repo\fresh_dashboard/input data
file pattern      : NIFTY_*_DASHBOARD.json
output dir        : D:\Git Repo\fresh_dashboard/output_data/optimize_results

run settings
  entry rule        : disabled - the trigger candle itself is the entry candle (entry at its close, SL at its low/high)
  rr multiples      : 2.0 3.0 4.0
  min setups        : 100
  num_workers       : 12
  directions        : LONG SHORT

sweep scope
  condition group   : rsi_range (LONG)
    max              : 50 51 52 53 54 55 56 57 58 59 60 61 62 63 64 65 66 67 68 69 70 71 72 73 74 75 76 77 78 79 80
  condition group   : low_below_bollinger_lower (LONG)
    bb_period        : 20 22
    bb_num_std       : 1.5 2
  condition group   : rsi_range (SHORT)
    max              : 50 51 52 53 54 55 56 57 58 59 60 61 62 63 64 65 66 67 68 69 70 71 72 73 74 75 76 77 78 79 80
  condition group   : high_above_bollinger_upper (SHORT)
    bb_period        : 20 22
    bb_num_std       : 1.5 2
  cartesian variants: LONG 124 x SHORT 124 = 248 per timeframe
WARNING: NIFTY_20260908_DASHBOARD.json -> 0 real candles inside market hours (09:15:00-15:30:00) at 12sec; every candle is zero-filled. Check the source file's timestamps.
WARNING: NIFTY_20260908_DASHBOARD.json -> 0 real candles inside market hours (09:15:00-15:30:00) at 1min; every candle is zero-filled. Check the source file's timestamps.
WARNING: NIFTY_20260908_DASHBOARD.json -> 0 real candles inside market hours (09:15:00-15:30:00) at 3min; every candle is zero-filled. Check the source file's timestamps.

====================================================================================================
DAY 1 - NIFTY_20260908_DASHBOARD.json
====================================================================================================
timeframes      : 12sec 1min 3min
LONG variants   : 124
SHORT variants  : 124

--- SHORT top variants (by hit rate, min setups 100) ---
  (no SHORT variant met the minimum setups guard)

--- LONG top variants (by hit rate, min setups 100) ---
  (no LONG variant met the minimum setups guard)

no-entry triggers    : 0
zero-risk skipped    : 0
eod closes           : 0
daily report         : D:\Git Repo\fresh_dashboard\output_data\optimize_results\optimize_results_no_data_12sec_1min_3min.xlsx
WARNING: NIFTY_20260909_DASHBOARD.json -> 0 real candles inside market hours (09:15:00-15:30:00) at 12sec; every candle is zero-filled. Check the source file's timestamps.
WARNING: NIFTY_20260909_DASHBOARD.json -> 0 real candles inside market hours (09:15:00-15:30:00) at 1min; every candle is zero-filled. Check the source file's timestamps.
WARNING: NIFTY_20260909_DASHBOARD.json -> 0 real candles inside market hours (09:15:00-15:30:00) at 3min; every candle is zero-filled. Check the source file's timestamps.

====================================================================================================
DAY 2 - NIFTY_20260909_DASHBOARD.json
====================================================================================================
timeframes      : 12sec 1min 3min
LONG variants   : 124
SHORT variants  : 124

--- SHORT top variants (by hit rate, min setups 100) ---
  (no SHORT variant met the minimum setups guard)

--- LONG top variants (by hit rate, min setups 100) ---
  (no LONG variant met the minimum setups guard)

no-entry triggers    : 0
zero-risk skipped    : 0
eod closes           : 0
daily report         : D:\Git Repo\fresh_dashboard\output_data\optimize_results\optimize_results_no_data_12sec_1min_3min.xlsx

====================================================================================================
DAY 3 - NIFTY_20260910_DASHBOARD.json
====================================================================================================
timeframes      : 12sec 1min 3min
LONG variants   : 124
SHORT variants  : 124

--- SHORT top variants (by hit rate, min setups 100) ---
  (no SHORT variant met the minimum setups guard)

--- LONG top variants (by hit rate, min setups 100) ---
  (no LONG variant met the minimum setups guard)

no-entry triggers    : 0
zero-risk skipped    : 248
eod closes           : 0
daily report         : D:\Git Repo\fresh_dashboard\output_data\optimize_results\optimize_results_20260910_12sec_1min_3min.xlsx

====================================================================================================
DAY 4 - NIFTY_20260911_DASHBOARD.json
====================================================================================================
timeframes      : 12sec 1min 3min
LONG variants   : 124
SHORT variants  : 124

--- SHORT top variants (by hit rate, min setups 100) ---
  (no SHORT variant met the minimum setups guard)

--- LONG top variants (by hit rate, min setups 100) ---
  (no LONG variant met the minimum setups guard)

no-entry triggers    : 0
zero-risk skipped    : 114
eod closes           : 1
daily report         : D:\Git Repo\fresh_dashboard\output_data\optimize_results\optimize_results_20260911_12sec_1min_3min.xlsx
WARNING: NIFTY_20260914_DASHBOARD.json -> 0 real candles inside market hours (09:15:00-15:30:00) at 12sec; every candle is zero-filled. Check the source file's timestamps.
WARNING: NIFTY_20260914_DASHBOARD.json -> 0 real candles inside market hours (09:15:00-15:30:00) at 1min; every candle is zero-filled. Check the source file's timestamps.
WARNING: NIFTY_20260914_DASHBOARD.json -> 0 real candles inside market hours (09:15:00-15:30:00) at 3min; every candle is zero-filled. Check the source file's timestamps.

====================================================================================================
DAY 5 - NIFTY_20260914_DASHBOARD.json
====================================================================================================
timeframes      : 12sec 1min 3min
LONG variants   : 124
SHORT variants  : 124

--- SHORT top variants (by hit rate, min setups 100) ---
  (no SHORT variant met the minimum setups guard)

--- LONG top variants (by hit rate, min setups 100) ---
  (no LONG variant met the minimum setups guard)

no-entry triggers    : 0
zero-risk skipped    : 0
eod closes           : 0
daily report         : D:\Git Repo\fresh_dashboard\output_data\optimize_results\optimize_results_no_data_12sec_1min_3min.xlsx

====================================================================================================
DAY 6 - NIFTY_20260915_DASHBOARD.json
====================================================================================================
timeframes      : 12sec 1min 3min
LONG variants   : 124
SHORT variants  : 124

--- SHORT top variants (by hit rate, min setups 100) ---
  (no SHORT variant met the minimum setups guard)

--- LONG top variants (by hit rate, min setups 100) ---
  (no LONG variant met the minimum setups guard)

no-entry triggers    : 0
zero-risk skipped    : 167
eod closes           : 3
daily report         : D:\Git Repo\fresh_dashboard\output_data\optimize_results\optimize_results_20260915_12sec_1min_3min.xlsx

====================================================================================================
DAY 7 - NIFTY_20260916_DASHBOARD.json
====================================================================================================
timeframes      : 12sec 1min 3min
LONG variants   : 124
SHORT variants  : 124

--- SHORT top variants (by hit rate, min setups 100) ---
  (no SHORT variant met the minimum setups guard)

--- LONG top variants (by hit rate, min setups 100) ---
  (no LONG variant met the minimum setups guard)

no-entry triggers    : 0
zero-risk skipped    : 279
eod closes           : 0
daily report         : D:\Git Repo\fresh_dashboard\output_data\optimize_results\optimize_results_20260916_12sec_1min_3min.xlsx

====================================================================================================
DAY 8 - NIFTY_20260917_DASHBOARD.json
====================================================================================================
timeframes      : 12sec 1min 3min
LONG variants   : 124
SHORT variants  : 124

--- SHORT top variants (by hit rate, min setups 100) ---
  (no SHORT variant met the minimum setups guard)

--- LONG top variants (by hit rate, min setups 100) ---
  (no LONG variant met the minimum setups guard)

no-entry triggers    : 0
zero-risk skipped    : 155
eod closes           : 0
daily report         : D:\Git Repo\fresh_dashboard\output_data\optimize_results\optimize_results_20260917_12sec_1min_3min.xlsx

====================================================================================================
DAY 9 - NIFTY_20260918_DASHBOARD.json
====================================================================================================
timeframes      : 12sec 1min 3min
LONG variants   : 124
SHORT variants  : 124

--- SHORT top variants (by hit rate, min setups 100) ---
  (no SHORT variant met the minimum setups guard)

--- LONG top variants (by hit rate, min setups 100) ---
  (no LONG variant met the minimum setups guard)

no-entry triggers    : 0
zero-risk skipped    : 384
eod closes           : 0
daily report         : D:\Git Repo\fresh_dashboard\output_data\optimize_results\optimize_results_20260918_12sec_1min_3min.xlsx

====================================================================================================
DAY 10 - NIFTY_20260921_DASHBOARD.json
====================================================================================================
timeframes      : 12sec 1min 3min
LONG variants   : 124
SHORT variants  : 124

--- SHORT top variants (by hit rate, min setups 100) ---
  (no SHORT variant met the minimum setups guard)

--- LONG top variants (by hit rate, min setups 100) ---
  (no LONG variant met the minimum setups guard)

no-entry triggers    : 0
zero-risk skipped    : 558
eod closes           : 0
daily report         : D:\Git Repo\fresh_dashboard\output_data\optimize_results\optimize_results_20260921_12sec_1min_3min.xlsx

====================================================================================================
DAY 11 - NIFTY_20260922_DASHBOARD.json
====================================================================================================
timeframes      : 12sec 1min 3min
LONG variants   : 124
SHORT variants  : 124

--- SHORT top variants (by hit rate, min setups 100) ---
  (no SHORT variant met the minimum setups guard)

--- LONG top variants (by hit rate, min setups 100) ---
  (no LONG variant met the minimum setups guard)

no-entry triggers    : 0
zero-risk skipped    : 337
eod closes           : 0
daily report         : D:\Git Repo\fresh_dashboard\output_data\optimize_results\optimize_results_20260922_12sec_1min_3min.xlsx

====================================================================================================
DAY 12 - NIFTY_20260923_DASHBOARD.json
====================================================================================================
timeframes      : 12sec 1min 3min
LONG variants   : 124
SHORT variants  : 124

--- SHORT top variants (by hit rate, min setups 100) ---
  (no SHORT variant met the minimum setups guard)

--- LONG top variants (by hit rate, min setups 100) ---
  (no LONG variant met the minimum setups guard)

no-entry triggers    : 0
zero-risk skipped    : 310
eod closes           : 0
daily report         : D:\Git Repo\fresh_dashboard\output_data\optimize_results\optimize_results_20260923_12sec_1min_3min.xlsx

====================================================================================================
DAY 13 - NIFTY_20260924_DASHBOARD.json
====================================================================================================
timeframes      : 12sec 1min 3min
LONG variants   : 124
SHORT variants  : 124

--- SHORT top variants (by hit rate, min setups 100) ---
  (no SHORT variant met the minimum setups guard)

--- LONG top variants (by hit rate, min setups 100) ---
  (no LONG variant met the minimum setups guard)

no-entry triggers    : 0
zero-risk skipped    : 382
eod closes           : 1
daily report         : D:\Git Repo\fresh_dashboard\output_data\optimize_results\optimize_results_20260924_12sec_1min_3min.xlsx

====================================================================================================
DAY 14 - NIFTY_20260925_DASHBOARD.json
====================================================================================================
timeframes      : 12sec 1min 3min
LONG variants   : 124
SHORT variants  : 124

--- SHORT top variants (by hit rate, min setups 100) ---
  (no SHORT variant met the minimum setups guard)

--- LONG top variants (by hit rate, min setups 100) ---
  (no LONG variant met the minimum setups guard)

no-entry triggers    : 0
zero-risk skipped    : 188
eod closes           : 0
daily report         : D:\Git Repo\fresh_dashboard\output_data\optimize_results\optimize_results_20260925_12sec_1min_3min.xlsx

====================================================================================================
COMBINED RUN SUMMARY
====================================================================================================
files processed         : 14
variants evaluated      : LONG 124 / SHORT 124
total triggers          : 25344
total entries           : 25344
total trades            : 22222
no-entry triggers       : 0
zero-risk skipped       : 3122
eod closes              : 480

combined best SHORT
  variant : max=54, bb_period=20, bb_num_std=1.5
  cond_1           : rsi_range(period=14, min=30, max=54)
  cond_2           : high_in_sma_band(period=44)
  cond_3           : cumulative_oi_compare(side=ce_greater)
  cond_4           : high_above_bollinger_upper(bb_period=20, bb_num_std=1.5)
  max              : 54
  bb_period        : 20
  bb_num_std       : 1.5
  hit_rate: 0.342
  setups  : 113
  entries : 113
  trades  : 111
  no_entry: 0
  avg_pnl : 1.48
  stop    : 0.649
  t1_rate : 0.342
  t2_rate : 0.279
  t3_rate : 0.216

near-best SHORT band (within 0.03 of best hit rate, setups >= 100)
  max=54, bb_period=20, bb_num_std=1.5     hit 0.342  setups 113  avg_pnl 1.48  stop 0.649
  max=55, bb_period=20, bb_num_std=1.5     hit 0.320  setups 129  avg_pnl 1.24  stop 0.672
  max=56, bb_period=22, bb_num_std=1.5     hit 0.318  setups 117  avg_pnl 1.62  stop 0.673

combined best LONG
  variant : max=50, bb_period=20, bb_num_std=1.5
  cond_1           : rsi_range(period=14, min=30, max=50)
  cond_2           : low_in_sma_band(period=44)
  cond_3           : cumulative_oi_compare(side=pe_greater)
  cond_4           : low_below_bollinger_lower(bb_period=20, bb_num_std=1.5)
  max              : 50
  bb_period        : 20
  bb_num_std       : 1.5
  hit_rate: 0.339
  setups  : 147
  entries : 147
  trades  : 121
  no_entry: 0
  avg_pnl : -0.33
  stop    : 0.661
  t1_rate : 0.339
  t2_rate : 0.281
  t3_rate : 0.256

near-best LONG band (within 0.03 of best hit rate, setups >= 100)
  max=50, bb_period=20, bb_num_std=1.5     hit 0.339  setups 147  avg_pnl -0.33  stop 0.661
  max=51, bb_period=20, bb_num_std=1.5     hit 0.339  setups 156  avg_pnl -0.07  stop 0.654
  max=55, bb_period=20, bb_num_std=1.5     hit 0.333  setups 173  avg_pnl -0.11  stop 0.66
  max=54, bb_period=20, bb_num_std=1.5     hit 0.333  setups 173  avg_pnl -0.11  stop 0.66
  max=65, bb_period=20, bb_num_std=1.5     hit 0.331  setups 174  avg_pnl -0.12  stop 0.662
  max=64, bb_period=20, bb_num_std=1.5     hit 0.331  setups 174  avg_pnl -0.12  stop 0.662

what the numbers say
  - SHORT: best hit rate is not unique — 3 variants sit within 0.03 of the top; the pick is a band, not a single point.
  - SHORT best variant hit rate spans 41.4 pts across 6 day(s) — day-to-day hit rate varies a lot.
  - SHORT best variant is stop-heavy (stop rate 0.65).
  - SHORT top3 day conc : 0.72 (share of the best variant's trades coming from its 3 biggest days).
  - LONG: best hit rate is not unique — 37 variants sit within 0.03 of the top; the pick is a band, not a single point.
  - LONG best variant hit rate spans 37.3 pts across 6 day(s) — day-to-day hit rate varies a lot.
  - LONG best variant is stop-heavy (stop rate 0.66).
  - LONG: runner-up 'max=51, bb_period=20, bb_num_std=1.5' has higher avg P&L (-0.07 vs -0.33 pts) at hit rate 0.34.
  - LONG top3 day conc : 0.62 (share of the best variant's trades coming from its 3 biggest days).

ranking conclusion
  primary candidate   : max=54, bb_period=20, bb_num_std=1.5
    why   : highest SHORT hit rate (0.342) with 111 trades and 1.48 avg pts.
  secondary candidate : max=55, bb_period=20, bb_num_std=1.5
    why   : hit rate 0.320, avg P&L 1.24 pts.
  rejected as final pick: max=56, bb_period=20, bb_num (0.31), max=57, bb_period=22, bb_num (0.30), max=57, bb_period=20, bb_num (0.29)
  primary candidate   : max=50, bb_period=20, bb_num_std=1.5
    why   : highest LONG hit rate (0.339) with 121 trades and -0.33 avg pts.
  secondary candidate : max=51, bb_period=20, bb_num_std=1.5
    why   : hit rate 0.339, avg P&L -0.07 pts.
  rejected as final pick: max=64, bb_period=22, bb_num (0.31), max=63, bb_period=22, bb_num (0.31), max=62, bb_period=22, bb_num (0.31)

recommended next step
  1. freeze the primary candidate (SHORT: max=54, bb_period=20, bb_num_std=1.5, LONG: max=50, bb_period=20, bb_num_std=1.5).
  2. keep the secondary as a comparison if avg P&L matters more than hit rate.
  3. confirm the chosen candidate still holds on new days before final.

one-line conclusion
  Best usable candidates from this cartesian run: SHORT max=54, bb_period=20, bb_num_std=1.5 (hit 0.34, 111 trades, 1.48 avg pts); LONG max=50, bb_period=20, bb_num_std=1.5 (hit 0.34, 121 trades, -0.33 avg pts).
====================================================================================================
COMBINED EXCEL: D:\Git Repo\fresh_dashboard\output_data\optimize_results\optimize_combined_20260930_130257.xlsx

====================================================================================================
OPTIMIZE MODE COMPLETE: 14/14 file(s) processed
====================================================================================================
