====================================================================================================
NIFTY DIRECTIONAL STRATEGY ENGINE - OPTIMIZE RUN
====================================================================================================
config            : configs/optimization.json
mode              : optimize
input dir         : D:\Git Repo\fresh_dashboard/input data
file pattern      : NIFTY_*_DASHBOARD.json
output dir        : D:\Git Repo\fresh_dashboard/output_data/optimize_results

run settings
  entry rule        : disabled - the trigger candle itself is the entry candle (entry at its close, SL at its low/high)
  rr multiples      : 2.0 3.0 4.0
  min setups        : 10
  num_workers       : 12
  directions        : LONG SHORT

sweep scope
  condition group   : low_below_bollinger_lower (LONG)
    bb_period        : 10 11 12 13 14 15 16 17 18 19 20 21 22
    bb_num_std       : 1 1.1 1.2 1.3 1.4 1.5 1.6 1.7 1.8 1.9 2 2.1 2.2 2.3 2.4 2.5
  condition group   : high_above_bollinger_upper (SHORT)
    bb_period        : 10 11 12 13 14 15 16 17 18 19 20 21 22
    bb_num_std       : 1 1.1 1.2 1.3 1.4 1.5 1.6 1.7 1.8 1.9 2 2.1 2.2 2.3 2.4 2.5
  cartesian variants: LONG 208 x SHORT 208 = 416 per timeframe
WARNING: NIFTY_20260908_DASHBOARD.json -> 0 real candles inside market hours (09:15:00-15:30:00) at 12sec; every candle is zero-filled. Check the source file's timestamps.
WARNING: NIFTY_20260908_DASHBOARD.json -> 0 real candles inside market hours (09:15:00-15:30:00) at 1min; every candle is zero-filled. Check the source file's timestamps.
WARNING: NIFTY_20260908_DASHBOARD.json -> 0 real candles inside market hours (09:15:00-15:30:00) at 3min; every candle is zero-filled. Check the source file's timestamps.

====================================================================================================
DAY 1 - NIFTY_20260908_DASHBOARD.json
====================================================================================================
timeframes      : 12sec 1min 3min
LONG variants   : 208
SHORT variants  : 208

--- SHORT top variants (by hit rate, min setups 10) ---
  (no SHORT variant met the minimum setups guard)

--- LONG top variants (by hit rate, min setups 10) ---
  (no LONG variant met the minimum setups guard)

no-entry triggers    : 0
zero-risk skipped    : 0
eod closes           : 0
daily report         : D:\Git Repo\fresh_dashboard\output_data\optimize_results\optimize_results_no_data_12sec_1min_3min.xlsx
WARNING: NIFTY_20260909_DASHBOARD.json -> 0 real candles inside market hours (09:15:00-15:30:00) at 12sec; every candle is zero-filled. Check the source file's timestamps.
WARNING: NIFTY_20260909_DASHBOARD.json -> 0 real candles inside market hours (09:15:00-15:30:00) at 1min; every candle is zero-filled. Check the source file's timestamps.
WARNING: NIFTY_20260909_DASHBOARD.json -> 0 real candles inside market hours (09:15:00-15:30:00) at 3min; every candle is zero-filled. Check the source file's timestamps.

====================================================================================================
DAY 2 - NIFTY_20260909_DASHBOARD.json
====================================================================================================
timeframes      : 12sec 1min 3min
LONG variants   : 208
SHORT variants  : 208

--- SHORT top variants (by hit rate, min setups 10) ---
  (no SHORT variant met the minimum setups guard)

--- LONG top variants (by hit rate, min setups 10) ---
  (no LONG variant met the minimum setups guard)

no-entry triggers    : 0
zero-risk skipped    : 0
eod closes           : 0
daily report         : D:\Git Repo\fresh_dashboard\output_data\optimize_results\optimize_results_no_data_12sec_1min_3min.xlsx

====================================================================================================
DAY 3 - NIFTY_20260910_DASHBOARD.json
====================================================================================================
timeframes      : 12sec 1min 3min
LONG variants   : 208
SHORT variants  : 208

--- SHORT top variants (by hit rate, min setups 10) ---
rank  variant                            hit_rate  setups  entries  trades  no_entry  avg_pnl   stop     t1     t2     t3       cond_1       cond_2       cond_3    bb_period   bb_num_std
1     bb_period=10, bb_num_std=1.9           0.40      12       12      10         0     0.56   0.60   0.40   0.30   0.20 high_in_sma_ cumulative_o high_above_b           10          1.9
2     bb_period=11, bb_num_std=1.6           0.36      17       17      14         0     0.18   0.64   0.36   0.21   0.14 high_in_sma_ cumulative_o high_above_b           11          1.6
3     bb_period=12, bb_num_std=1.7           0.36      16       16      14         0     0.18   0.64   0.36   0.21   0.14 high_in_sma_ cumulative_o high_above_b           12          1.7
4     bb_period=13, bb_num_std=1.6           0.36      16       16      14         0     0.10   0.64   0.36   0.21   0.14 high_in_sma_ cumulative_o high_above_b           13          1.6
5     bb_period=10, bb_num_std=1.7           0.33      14       14      12         0     0.12   0.67   0.33   0.25   0.17 high_in_sma_ cumulative_o high_above_b           10          1.7

--- LONG top variants (by hit rate, min setups 10) ---
rank  variant                            hit_rate  setups  entries  trades  no_entry  avg_pnl   stop     t1     t2     t3       cond_1       cond_2       cond_3    bb_period   bb_num_std
1     bb_period=14, bb_num_std=1.3           0.33      21       21      15         0    -0.32   0.67   0.33   0.33   0.33 low_in_sma_b cumulative_o low_below_bo           14          1.3
2     bb_period=13, bb_num_std=1.2           0.29      26       26      17         0    -0.39   0.71   0.29   0.29   0.29 low_in_sma_b cumulative_o low_below_bo           13          1.2
3     bb_period=14, bb_num_std=1.2           0.29      24       24      17         0    -0.56   0.71   0.29   0.29   0.29 low_in_sma_b cumulative_o low_below_bo           14          1.2
4     bb_period=13, bb_num_std=1.4           0.29      20       20      14         0    -0.44   0.71   0.29   0.29   0.29 low_in_sma_b cumulative_o low_below_bo           13          1.4
5     bb_period=13, bb_num_std=1.5           0.29      18       18      14         0    -0.44   0.71   0.29   0.29   0.29 low_in_sma_b cumulative_o low_below_bo           13          1.5

no-entry triggers    : 0
zero-risk skipped    : 993
eod closes           : 0
daily report         : D:\Git Repo\fresh_dashboard\output_data\optimize_results\optimize_results_20260910_12sec_1min_3min.xlsx

====================================================================================================
DAY 4 - NIFTY_20260911_DASHBOARD.json
====================================================================================================
timeframes      : 12sec 1min 3min
LONG variants   : 208
SHORT variants  : 208

--- SHORT top variants (by hit rate, min setups 10) ---
  (no SHORT variant met the minimum setups guard)

--- LONG top variants (by hit rate, min setups 10) ---
rank  variant                            hit_rate  setups  entries  trades  no_entry  avg_pnl   stop     t1     t2     t3       cond_1       cond_2       cond_3    bb_period   bb_num_std
1     bb_period=19, bb_num_std=1.7           0.54      15       15      13         0     3.91   0.39   0.54   0.46   0.46 low_in_sma_b cumulative_o low_below_bo           19          1.7
2     bb_period=18, bb_num_std=1.8           0.46      13       13      13         0     3.80   0.46   0.46   0.39   0.39 low_in_sma_b cumulative_o low_below_bo           18          1.8
3     bb_period=22, bb_num_std=1.6           0.46      14       14      13         0     3.73   0.46   0.46   0.46   0.46 low_in_sma_b cumulative_o low_below_bo           22          1.6
4     bb_period=19, bb_num_std=1.8           0.45      12       12      11         0     4.33   0.46   0.46   0.46   0.46 low_in_sma_b cumulative_o low_below_bo           19          1.8
5     bb_period=19, bb_num_std=1.9           0.45      11       11      11         0     4.33   0.46   0.46   0.46   0.46 low_in_sma_b cumulative_o low_below_bo           19          1.9

no-entry triggers    : 0
zero-risk skipped    : 1337
eod closes           : 1
daily report         : D:\Git Repo\fresh_dashboard\output_data\optimize_results\optimize_results_20260911_12sec_1min_3min.xlsx
WARNING: NIFTY_20260914_DASHBOARD.json -> 0 real candles inside market hours (09:15:00-15:30:00) at 12sec; every candle is zero-filled. Check the source file's timestamps.
WARNING: NIFTY_20260914_DASHBOARD.json -> 0 real candles inside market hours (09:15:00-15:30:00) at 1min; every candle is zero-filled. Check the source file's timestamps.
WARNING: NIFTY_20260914_DASHBOARD.json -> 0 real candles inside market hours (09:15:00-15:30:00) at 3min; every candle is zero-filled. Check the source file's timestamps.

====================================================================================================
DAY 5 - NIFTY_20260914_DASHBOARD.json
====================================================================================================
timeframes      : 12sec 1min 3min
LONG variants   : 208
SHORT variants  : 208

--- SHORT top variants (by hit rate, min setups 10) ---
  (no SHORT variant met the minimum setups guard)

--- LONG top variants (by hit rate, min setups 10) ---
  (no LONG variant met the minimum setups guard)

no-entry triggers    : 0
zero-risk skipped    : 0
eod closes           : 0
daily report         : D:\Git Repo\fresh_dashboard\output_data\optimize_results\optimize_results_no_data_12sec_1min_3min.xlsx

====================================================================================================
DAY 6 - NIFTY_20260915_DASHBOARD.json
====================================================================================================
timeframes      : 12sec 1min 3min
LONG variants   : 208
SHORT variants  : 208

--- SHORT top variants (by hit rate, min setups 10) ---
rank  variant                            hit_rate  setups  entries  trades  no_entry  avg_pnl   stop     t1     t2     t3       cond_1       cond_2       cond_3    bb_period   bb_num_std
1     bb_period=16, bb_num_std=2.3           0.43      29       29      28         0     1.95   0.54   0.43   0.32   0.25 high_in_sma_ cumulative_o high_above_b           16          2.3
2     bb_period=16, bb_num_std=2.2           0.42      32       32      31         0     1.60   0.55   0.42   0.32   0.26 high_in_sma_ cumulative_o high_above_b           16          2.2
3     bb_period=15, bb_num_std=2.3           0.41      30       30      29         0     1.61   0.55   0.41   0.31   0.24 high_in_sma_ cumulative_o high_above_b           15          2.3
4     bb_period=16, bb_num_std=2.4           0.41      23       23      22         0     2.21   0.55   0.41   0.32   0.23 high_in_sma_ cumulative_o high_above_b           16          2.4
5     bb_period=14, bb_num_std=2.2           0.40      36       36      35         0     1.65   0.57   0.40   0.31   0.26 high_in_sma_ cumulative_o high_above_b           14          2.2

--- LONG top variants (by hit rate, min setups 10) ---
  (no LONG variant met the minimum setups guard)

no-entry triggers    : 0
zero-risk skipped    : 570
eod closes           : 3
daily report         : D:\Git Repo\fresh_dashboard\output_data\optimize_results\optimize_results_20260915_12sec_1min_3min.xlsx

====================================================================================================
DAY 7 - NIFTY_20260916_DASHBOARD.json
====================================================================================================
timeframes      : 12sec 1min 3min
LONG variants   : 208
SHORT variants  : 208

--- SHORT top variants (by hit rate, min setups 10) ---
  (no SHORT variant met the minimum setups guard)

--- LONG top variants (by hit rate, min setups 10) ---
rank  variant                            hit_rate  setups  entries  trades  no_entry  avg_pnl   stop     t1     t2     t3       cond_1       cond_2       cond_3    bb_period   bb_num_std
1     bb_period=10, bb_num_std=2.2           0.43      17       17      14         0     2.11   0.57   0.43   0.43   0.43 low_in_sma_b cumulative_o low_below_bo           10          2.2
2     bb_period=10, bb_num_std=2.1           0.42      28       28      24         0     1.24   0.58   0.42   0.38   0.38 low_in_sma_b cumulative_o low_below_bo           10          2.1
3     bb_period=10, bb_num_std=1.9           0.41      37       37      32         0     0.55   0.59   0.41   0.34   0.34 low_in_sma_b cumulative_o low_below_bo           10          1.9
4     bb_period=13, bb_num_std=2.2           0.40      12       12      10         0     2.15   0.60   0.40   0.40   0.40 low_in_sma_b cumulative_o low_below_bo           13          2.2
5     bb_period=16, bb_num_std=2.1           0.40      10       10      10         0    -0.13   0.60   0.40   0.40   0.40 low_in_sma_b cumulative_o low_below_bo           16          2.1

no-entry triggers    : 0
zero-risk skipped    : 1136
eod closes           : 0
daily report         : D:\Git Repo\fresh_dashboard\output_data\optimize_results\optimize_results_20260916_12sec_1min_3min.xlsx

====================================================================================================
DAY 8 - NIFTY_20260917_DASHBOARD.json
====================================================================================================
timeframes      : 12sec 1min 3min
LONG variants   : 208
SHORT variants  : 208

--- SHORT top variants (by hit rate, min setups 10) ---
  (no SHORT variant met the minimum setups guard)

--- LONG top variants (by hit rate, min setups 10) ---
rank  variant                            hit_rate  setups  entries  trades  no_entry  avg_pnl   stop     t1     t2     t3       cond_1       cond_2       cond_3    bb_period   bb_num_std
1     bb_period=11, bb_num_std=1.6           0.42      32       32      26         0     0.22   0.58   0.42   0.42   0.39 low_in_sma_b cumulative_o low_below_bo           11          1.6
2     bb_period=14, bb_num_std=1.1           0.42      77       77      64         0     0.77   0.58   0.42   0.39   0.34 low_in_sma_b cumulative_o low_below_bo           14          1.1
3     bb_period=20, bb_num_std=1.6           0.42      22       22      19         0     0.24   0.58   0.42   0.37   0.32 low_in_sma_b cumulative_o low_below_bo           20          1.6
4     bb_period=16, bb_num_std=1.9           0.42      12       12      12         0     0.16   0.58   0.42   0.42   0.42 low_in_sma_b cumulative_o low_below_bo           16          1.9
5     bb_period=17, bb_num_std=1.5           0.41      38       38      34         0     0.82   0.59   0.41   0.41   0.35 low_in_sma_b cumulative_o low_below_bo           17          1.5

no-entry triggers    : 0
zero-risk skipped    : 858
eod closes           : 0
daily report         : D:\Git Repo\fresh_dashboard\output_data\optimize_results\optimize_results_20260917_12sec_1min_3min.xlsx

====================================================================================================
DAY 9 - NIFTY_20260918_DASHBOARD.json
====================================================================================================
timeframes      : 12sec 1min 3min
LONG variants   : 208
SHORT variants  : 208

--- SHORT top variants (by hit rate, min setups 10) ---
rank  variant                            hit_rate  setups  entries  trades  no_entry  avg_pnl   stop     t1     t2     t3       cond_1       cond_2       cond_3    bb_period   bb_num_std
1     bb_period=12, bb_num_std=1.9           0.33      26       26      24         0    -0.29   0.67   0.33   0.21   0.21 high_in_sma_ cumulative_o high_above_b           12          1.9
2     bb_period=13, bb_num_std=1.9           0.33      26       26      24         0    -0.32   0.67   0.33   0.21   0.21 high_in_sma_ cumulative_o high_above_b           13          1.9
3     bb_period=12, bb_num_std=2             0.33      23       23      21         0    -0.38   0.67   0.33   0.24   0.24 high_in_sma_ cumulative_o high_above_b           12            2
4     bb_period=13, bb_num_std=2             0.32      21       21      19         0    -0.27   0.68   0.32   0.21   0.21 high_in_sma_ cumulative_o high_above_b           13            2
5     bb_period=11, bb_num_std=1.8           0.31      39       39      35         0    -0.36   0.69   0.31   0.20   0.20 high_in_sma_ cumulative_o high_above_b           11          1.8

--- LONG top variants (by hit rate, min setups 10) ---
  (no LONG variant met the minimum setups guard)

no-entry triggers    : 0
zero-risk skipped    : 1000
eod closes           : 0
daily report         : D:\Git Repo\fresh_dashboard\output_data\optimize_results\optimize_results_20260918_12sec_1min_3min.xlsx

====================================================================================================
DAY 10 - NIFTY_20260921_DASHBOARD.json
====================================================================================================
timeframes      : 12sec 1min 3min
LONG variants   : 208
SHORT variants  : 208

--- SHORT top variants (by hit rate, min setups 10) ---
  (no SHORT variant met the minimum setups guard)

--- LONG top variants (by hit rate, min setups 10) ---
rank  variant                            hit_rate  setups  entries  trades  no_entry  avg_pnl   stop     t1     t2     t3       cond_1       cond_2       cond_3    bb_period   bb_num_std
1     bb_period=10, bb_num_std=1.3           0.40      86       86      73         0     0.32   0.60   0.40   0.33   0.30 low_in_sma_b cumulative_o low_below_bo           10          1.3
2     bb_period=11, bb_num_std=1.3           0.39      83       83      70         0     0.25   0.61   0.39   0.33   0.31 low_in_sma_b cumulative_o low_below_bo           11          1.3
3     bb_period=10, bb_num_std=1.2           0.38      95       95      79         0     0.24   0.62   0.38   0.32   0.29 low_in_sma_b cumulative_o low_below_bo           10          1.2
4     bb_period=10, bb_num_std=1.4           0.38      78       78      66         0     0.03   0.62   0.38   0.32   0.29 low_in_sma_b cumulative_o low_below_bo           10          1.4
5     bb_period=11, bb_num_std=1.5           0.37      67       67      59         0     0.13   0.63   0.37   0.30   0.29 low_in_sma_b cumulative_o low_below_bo           11          1.5

no-entry triggers    : 0
zero-risk skipped    : 1379
eod closes           : 0
daily report         : D:\Git Repo\fresh_dashboard\output_data\optimize_results\optimize_results_20260921_12sec_1min_3min.xlsx

====================================================================================================
DAY 11 - NIFTY_20260922_DASHBOARD.json
====================================================================================================
timeframes      : 12sec 1min 3min
LONG variants   : 208
SHORT variants  : 208

--- SHORT top variants (by hit rate, min setups 10) ---
rank  variant                            hit_rate  setups  entries  trades  no_entry  avg_pnl   stop     t1     t2     t3       cond_1       cond_2       cond_3    bb_period   bb_num_std
1     bb_period=15, bb_num_std=2.3           0.55      14       14      11         0     4.70   0.46   0.55   0.55   0.36 high_in_sma_ cumulative_o high_above_b           15          2.3
2     bb_period=10, bb_num_std=2.2           0.50      26       26      24         0     3.28   0.50   0.50   0.50   0.42 high_in_sma_ cumulative_o high_above_b           10          2.2
3     bb_period=10, bb_num_std=2.5           0.50      14       14      14         0     3.73   0.50   0.50   0.50   0.43 high_in_sma_ cumulative_o high_above_b           10          2.5
4     bb_period=15, bb_num_std=2.2           0.50      15       15      12         0     4.24   0.50   0.50   0.50   0.33 high_in_sma_ cumulative_o high_above_b           15          2.2
5     bb_period=13, bb_num_std=1.2           0.49      80       80      71         0     1.54   0.51   0.49   0.48   0.44 high_in_sma_ cumulative_o high_above_b           13          1.2

--- LONG top variants (by hit rate, min setups 10) ---
  (no LONG variant met the minimum setups guard)

no-entry triggers    : 0
zero-risk skipped    : 1053
eod closes           : 0
daily report         : D:\Git Repo\fresh_dashboard\output_data\optimize_results\optimize_results_20260922_12sec_1min_3min.xlsx

====================================================================================================
DAY 12 - NIFTY_20260923_DASHBOARD.json
====================================================================================================
timeframes      : 12sec 1min 3min
LONG variants   : 208
SHORT variants  : 208

--- SHORT top variants (by hit rate, min setups 10) ---
  (no SHORT variant met the minimum setups guard)

--- LONG top variants (by hit rate, min setups 10) ---
rank  variant                            hit_rate  setups  entries  trades  no_entry  avg_pnl   stop     t1     t2     t3       cond_1       cond_2       cond_3    bb_period   bb_num_std
1     bb_period=21, bb_num_std=1.5           0.51      39       39      35         0     0.56   0.49   0.51   0.37   0.31 low_in_sma_b cumulative_o low_below_bo           21          1.5
2     bb_period=20, bb_num_std=1.5           0.50      42       42      38         0     0.55   0.50   0.50   0.37   0.29 low_in_sma_b cumulative_o low_below_bo           20          1.5
3     bb_period=22, bb_num_std=1             0.48      72       72      64         0     0.58   0.52   0.48   0.41   0.33 low_in_sma_b cumulative_o low_below_bo           22            1
4     bb_period=22, bb_num_std=1.3           0.48      49       49      44         0     0.41   0.52   0.48   0.36   0.29 low_in_sma_b cumulative_o low_below_bo           22          1.3
5     bb_period=22, bb_num_std=1.1           0.48      67       67      61         0     0.55   0.53   0.47   0.39   0.33 low_in_sma_b cumulative_o low_below_bo           22          1.1

no-entry triggers    : 0
zero-risk skipped    : 1149
eod closes           : 0
daily report         : D:\Git Repo\fresh_dashboard\output_data\optimize_results\optimize_results_20260923_12sec_1min_3min.xlsx

====================================================================================================
DAY 13 - NIFTY_20260924_DASHBOARD.json
====================================================================================================
timeframes      : 12sec 1min 3min
LONG variants   : 208
SHORT variants  : 208

--- SHORT top variants (by hit rate, min setups 10) ---
rank  variant                            hit_rate  setups  entries  trades  no_entry  avg_pnl   stop     t1     t2     t3       cond_1       cond_2       cond_3    bb_period   bb_num_std
1     bb_period=22, bb_num_std=1.4           0.53      27       27      19         0     3.82   0.47   0.53   0.47   0.42 high_in_sma_ cumulative_o high_above_b           22          1.4
2     bb_period=21, bb_num_std=1.6           0.50      22       22      16         0     4.53   0.50   0.50   0.44   0.38 high_in_sma_ cumulative_o high_above_b           21          1.6
3     bb_period=22, bb_num_std=1.5           0.50      23       23      16         0     4.35   0.50   0.50   0.44   0.38 high_in_sma_ cumulative_o high_above_b           22          1.5
4     bb_period=22, bb_num_std=1.6           0.50      17       17      12         0     4.11   0.50   0.50   0.42   0.42 high_in_sma_ cumulative_o high_above_b           22          1.6
5     bb_period=21, bb_num_std=1.5           0.47      24       24      17         0     4.16   0.53   0.47   0.41   0.35 high_in_sma_ cumulative_o high_above_b           21          1.5

--- LONG top variants (by hit rate, min setups 10) ---
  (no LONG variant met the minimum setups guard)

no-entry triggers    : 0
zero-risk skipped    : 1415
eod closes           : 1
daily report         : D:\Git Repo\fresh_dashboard\output_data\optimize_results\optimize_results_20260924_12sec_1min_3min.xlsx

====================================================================================================
DAY 14 - NIFTY_20260925_DASHBOARD.json
====================================================================================================
timeframes      : 12sec 1min 3min
LONG variants   : 208
SHORT variants  : 208

--- SHORT top variants (by hit rate, min setups 10) ---
rank  variant                            hit_rate  setups  entries  trades  no_entry  avg_pnl   stop     t1     t2     t3       cond_1       cond_2       cond_3    bb_period   bb_num_std
1     bb_period=11, bb_num_std=2.3           0.27      12       12      11         0    -0.18   0.73   0.27   0.27   0.09 high_in_sma_ cumulative_o high_above_b           11          2.3
2     bb_period=14, bb_num_std=1             0.25      74       74      65         0    -0.41   0.75   0.25   0.18   0.15 high_in_sma_ cumulative_o high_above_b           14            1
3     bb_period=15, bb_num_std=1             0.23      70       70      61         0    -0.45   0.77   0.23   0.16   0.13 high_in_sma_ cumulative_o high_above_b           15            1
4     bb_period=16, bb_num_std=1             0.23      70       70      61         0    -0.45   0.77   0.23   0.16   0.13 high_in_sma_ cumulative_o high_above_b           16            1
5     bb_period=11, bb_num_std=1.4           0.23      55       55      48         0    -0.69   0.77   0.23   0.19   0.15 high_in_sma_ cumulative_o high_above_b           11          1.4

--- LONG top variants (by hit rate, min setups 10) ---
  (no LONG variant met the minimum setups guard)

no-entry triggers    : 0
zero-risk skipped    : 785
eod closes           : 0
daily report         : D:\Git Repo\fresh_dashboard\output_data\optimize_results\optimize_results_20260925_12sec_1min_3min.xlsx

====================================================================================================
COMBINED RUN SUMMARY
====================================================================================================
files processed         : 14
variants evaluated      : LONG 208 / SHORT 208
total triggers          : 84090
total entries           : 84090
total trades            : 72415
no-entry triggers       : 0
zero-risk skipped       : 11675
eod closes              : 829

combined best SHORT
  variant : bb_period=10, bb_num_std=2.5
  cond_1           : high_in_sma_band(period=44)
  cond_2           : cumulative_oi_compare(side=ce_greater)
  cond_3           : high_above_bollinger_upper(bb_period=10, bb_num_std=2.5)
  bb_period        : 10
  bb_num_std       : 2.5
  hit_rate: 0.377
  setups  : 55
  entries : 55
  trades  : 53
  no_entry: 0
  avg_pnl : 1.59
  stop    : 0.604
  t1_rate : 0.377
  t2_rate : 0.358
  t3_rate : 0.283

near-best SHORT band (within 0.03 of best hit rate, setups >= 10)
  bb_period=10, bb_num_std=2.5             hit 0.377  setups 55  avg_pnl 1.59  stop 0.604
  bb_period=10, bb_num_std=2.4             hit 0.349  setups 70  avg_pnl 1.46  stop 0.636

combined best LONG
  variant : bb_period=12, bb_num_std=1.2
  cond_1           : low_in_sma_band(period=44)
  cond_2           : cumulative_oi_compare(side=pe_greater)
  cond_3           : low_below_bollinger_lower(bb_period=12, bb_num_std=1.2)
  bb_period        : 12
  bb_num_std       : 1.2
  hit_rate: 0.350
  setups  : 470
  entries : 470
  trades  : 389
  no_entry: 0
  avg_pnl : 0.24
  stop    : 0.648
  t1_rate : 0.35
  t2_rate : 0.28
  t3_rate : 0.242

near-best LONG band (within 0.03 of best hit rate, setups >= 10)
  bb_period=12, bb_num_std=1.2             hit 0.350  setups 470  avg_pnl 0.24  stop 0.648
  bb_period=12, bb_num_std=1.1             hit 0.347  setups 531  avg_pnl 0.22  stop 0.651
  bb_period=14, bb_num_std=1.1             hit 0.344  setups 470  avg_pnl 0.26  stop 0.654
  bb_period=22, bb_num_std=1               hit 0.343  setups 363  avg_pnl 0.31  stop 0.653
  bb_period=11, bb_num_std=1               hit 0.343  setups 611  avg_pnl 0.19  stop 0.655
  bb_period=11, bb_num_std=1.1             hit 0.341  setups 553  avg_pnl 0.17  stop 0.656

what the numbers say
  - SHORT: best hit rate is not unique — 2 variants sit within 0.03 of the top; the pick is a band, not a single point.
  - SHORT best variant hit rate spans 100.0 pts across 7 day(s) — day-to-day hit rate varies a lot.
  - SHORT best variant is stop-heavy (stop rate 0.60).
  - SHORT top3 day conc : 0.83 (share of the best variant's trades coming from its 3 biggest days).
  - LONG: best hit rate is not unique — 61 variants sit within 0.03 of the top; the pick is a band, not a single point.
  - LONG best variant hit rate spans 12.7 pts across 6 day(s) — stable across days.
  - LONG best variant is stop-heavy (stop rate 0.65).
  - LONG top3 day conc : 0.59 (share of the best variant's trades coming from its 3 biggest days).

ranking conclusion
  primary candidate   : bb_period=10, bb_num_std=2.5
    why   : highest SHORT hit rate (0.377) with 53 trades and 1.59 avg pts.
  secondary candidate : bb_period=10, bb_num_std=2.4
    why   : hit rate 0.349, avg P&L 1.46 pts.
  rejected as final pick: bb_period=11, bb_num_std=2.2 (0.34), bb_period=10, bb_num_std=2.2 (0.33), bb_period=11, bb_num_std=2.3 (0.33)
  primary candidate   : bb_period=12, bb_num_std=1.2
    why   : highest LONG hit rate (0.350) with 389 trades and 0.24 avg pts.
  secondary candidate : bb_period=12, bb_num_std=1.1
    why   : hit rate 0.347, avg P&L 0.22 pts.
  rejected as final pick: bb_period=15, bb_num_std=1.3 (0.32), bb_period=19, bb_num_std=1.4 (0.32), bb_period=13, bb_num_std=1.5 (0.32)

recommended next step
  1. freeze the primary candidate (SHORT: bb_period=10, bb_num_std=2.5, LONG: bb_period=12, bb_num_std=1.2).
  2. keep the secondary as a comparison if avg P&L matters more than hit rate.
  3. confirm the chosen candidate still holds on new days before final.

one-line conclusion
  Best usable candidates from this cartesian run: SHORT bb_period=10, bb_num_std=2.5 (hit 0.38, 53 trades, 1.59 avg pts); LONG bb_period=12, bb_num_std=1.2 (hit 0.35, 389 trades, 0.24 avg pts).
====================================================================================================
COMBINED EXCEL: D:\Git Repo\fresh_dashboard\output_data\optimize_results\optimize_combined_20260930_134507.xlsx

====================================================================================================
OPTIMIZE MODE COMPLETE: 14/14 file(s) processed
====================================================================================================
