====================================================================================================
NIFTY DIRECTIONAL STRATEGY ENGINE - OPTIMIZE RUN
====================================================================================================
config            : configs/optimization.json
mode              : optimize
input dir         : D:/Git/fresh_dashboard/app/data
file pattern      : NIFTY_*_DASHBOARD.json
output dir        : D:/Git/fresh_dashboard/app/data/optimize_results

run settings
  entry rule        : disabled - the trigger candle itself is the entry candle (entry at its close, SL at its low/high)
  rr multiples      : 2.0 3.0 4.0
  min setups        : 100
  num_workers       : 14
  directions        : LONG SHORT

sweep scope
  condition group   : sma_cross_above (LONG)
    cross_atr_multiplier: 0.0 0.01 0.02 0.03 0.04 0.05 0.06 0.07 0.08 0.09 0.1 0.11 0.12 0.13 0.14 0.15 0.16 0.17 0.18 0.19 0.2 0.21 0.22 0.23 0.24 0.25 0.26 0.27 0.28 0.29 0.3 0.31 0.32 0.33 0.34 0.35 0.36 0.37 0.38 0.39 0.4 0.41 0.42 0.43 0.44 0.45 0.46 0.47 0.48 0.49 0.5 0.51 0.52 0.53 0.54 0.55 0.56 0.57 0.58 0.59 0.6 0.61 0.62 0.63 0.64 0.65 0.66 0.67 0.68 0.69 0.7 0.71 0.72 0.73 0.74 0.75 0.76 0.77 0.78 0.79 0.8 0.81 0.82 0.83 0.84 0.85 0.86 0.87 0.88 0.89 0.9 0.91 0.92 0.93 0.94 0.95 0.96 0.97 0.98 0.99 1.0
  condition group   : low_below_bollinger_lower (LONG)
    bb_period        : 20 22
    bb_num_std       : 1.5 2
  condition group   : sma_cross_below (SHORT)
    cross_atr_multiplier: 0.0 0.01 0.02 0.03 0.04 0.05 0.06 0.07 0.08 0.09 0.1 0.11 0.12 0.13 0.14 0.15 0.16 0.17 0.18 0.19 0.2 0.21 0.22 0.23 0.24 0.25 0.26 0.27 0.28 0.29 0.3 0.31 0.32 0.33 0.34 0.35 0.36 0.37 0.38 0.39 0.4 0.41 0.42 0.43 0.44 0.45 0.46 0.47 0.48 0.49 0.5 0.51 0.52 0.53 0.54 0.55 0.56 0.57 0.58 0.59 0.6 0.61 0.62 0.63 0.64 0.65 0.66 0.67 0.68 0.69 0.7 0.71 0.72 0.73 0.74 0.75 0.76 0.77 0.78 0.79 0.8 0.81 0.82 0.83 0.84 0.85 0.86 0.87 0.88 0.89 0.9 0.91 0.92 0.93 0.94 0.95 0.96 0.97 0.98 0.99 1.0
  condition group   : high_above_bollinger_upper (SHORT)
    bb_period        : 20 22
    bb_num_std       : 1.5 2
  cartesian variants: LONG 404 x SHORT 404 = 808 per timeframe
WARNING: NIFTY_2026-09-08_DASHBOARD.json -> 0 real candles inside market hours (09:15:00-15:30:00) at 12sec; every candle is zero-filled. Check the source file's timestamps.
WARNING: NIFTY_2026-09-08_DASHBOARD.json -> 0 real candles inside market hours (09:15:00-15:30:00) at 1min; every candle is zero-filled. Check the source file's timestamps.
WARNING: NIFTY_2026-09-08_DASHBOARD.json -> 0 real candles inside market hours (09:15:00-15:30:00) at 3min; every candle is zero-filled. Check the source file's timestamps.

====================================================================================================
DAY 1 - NIFTY_2026-09-08_DASHBOARD.json
====================================================================================================
timeframes      : 12sec 1min 3min
LONG variants   : 404
SHORT variants  : 404

--- SHORT top variants (by hit rate, min setups 100) ---
  (no SHORT variant met the minimum setups guard)

--- LONG top variants (by hit rate, min setups 100) ---
  (no LONG variant met the minimum setups guard)

no-entry triggers    : 0
zero-risk skipped    : 0
eod closes           : 0
daily report         : D:\Git\fresh_dashboard\app\data\optimize_results\optimize_results_no_data_12sec_1min_3min.xlsx

====================================================================================================
DAY 2 - NIFTY_2026-09-10_DASHBOARD.json
====================================================================================================
timeframes      : 12sec 1min 3min
LONG variants   : 404
SHORT variants  : 404

--- SHORT top variants (by hit rate, min setups 100) ---
  (no SHORT variant met the minimum setups guard)

--- LONG top variants (by hit rate, min setups 100) ---
  (no LONG variant met the minimum setups guard)

no-entry triggers    : 0
zero-risk skipped    : 808
eod closes           : 0
daily report         : D:\Git\fresh_dashboard\app\data\optimize_results\optimize_results_20260910_12sec_1min_3min.xlsx

====================================================================================================
DAY 3 - NIFTY_2026-09-11_DASHBOARD.json
====================================================================================================
timeframes      : 12sec 1min 3min
LONG variants   : 404
SHORT variants  : 404

--- SHORT top variants (by hit rate, min setups 100) ---
  (no SHORT variant met the minimum setups guard)

--- LONG top variants (by hit rate, min setups 100) ---
  (no LONG variant met the minimum setups guard)

no-entry triggers    : 0
zero-risk skipped    : 404
eod closes           : 1
daily report         : D:\Git\fresh_dashboard\app\data\optimize_results\optimize_results_20260911_12sec_1min_3min.xlsx
WARNING: NIFTY_2026-09-14_DASHBOARD.json -> 0 real candles inside market hours (09:15:00-15:30:00) at 12sec; every candle is zero-filled. Check the source file's timestamps.
WARNING: NIFTY_2026-09-14_DASHBOARD.json -> 0 real candles inside market hours (09:15:00-15:30:00) at 1min; every candle is zero-filled. Check the source file's timestamps.
WARNING: NIFTY_2026-09-14_DASHBOARD.json -> 0 real candles inside market hours (09:15:00-15:30:00) at 3min; every candle is zero-filled. Check the source file's timestamps.

====================================================================================================
DAY 4 - NIFTY_2026-09-14_DASHBOARD.json
====================================================================================================
timeframes      : 12sec 1min 3min
LONG variants   : 404
SHORT variants  : 404

--- SHORT top variants (by hit rate, min setups 100) ---
  (no SHORT variant met the minimum setups guard)

--- LONG top variants (by hit rate, min setups 100) ---
  (no LONG variant met the minimum setups guard)

no-entry triggers    : 0
zero-risk skipped    : 0
eod closes           : 0
daily report         : D:\Git\fresh_dashboard\app\data\optimize_results\optimize_results_no_data_12sec_1min_3min.xlsx

====================================================================================================
DAY 5 - NIFTY_2026-09-15_DASHBOARD.json
====================================================================================================
timeframes      : 12sec 1min 3min
LONG variants   : 404
SHORT variants  : 404

--- SHORT top variants (by hit rate, min setups 100) ---
  (no SHORT variant met the minimum setups guard)

--- LONG top variants (by hit rate, min setups 100) ---
  (no LONG variant met the minimum setups guard)

no-entry triggers    : 0
zero-risk skipped    : 707
eod closes           : 3
daily report         : D:\Git\fresh_dashboard\app\data\optimize_results\optimize_results_20260915_12sec_1min_3min.xlsx

====================================================================================================
DAY 6 - NIFTY_2026-09-16_DASHBOARD.json
====================================================================================================
timeframes      : 12sec 1min 3min
LONG variants   : 404
SHORT variants  : 404

--- SHORT top variants (by hit rate, min setups 100) ---
  (no SHORT variant met the minimum setups guard)

--- LONG top variants (by hit rate, min setups 100) ---
  (no LONG variant met the minimum setups guard)

no-entry triggers    : 0
zero-risk skipped    : 851
eod closes           : 0
daily report         : D:\Git\fresh_dashboard\app\data\optimize_results\optimize_results_20260916_12sec_1min_3min.xlsx

====================================================================================================
DAY 7 - NIFTY_2026-09-17_DASHBOARD.json
====================================================================================================
timeframes      : 12sec 1min 3min
LONG variants   : 404
SHORT variants  : 404

--- SHORT top variants (by hit rate, min setups 100) ---
  (no SHORT variant met the minimum setups guard)

--- LONG top variants (by hit rate, min setups 100) ---
  (no LONG variant met the minimum setups guard)

no-entry triggers    : 0
zero-risk skipped    : 505
eod closes           : 0
daily report         : D:\Git\fresh_dashboard\app\data\optimize_results\optimize_results_20260917_12sec_1min_3min.xlsx

====================================================================================================
DAY 8 - NIFTY_2026-09-18_DASHBOARD.json
====================================================================================================
timeframes      : 12sec 1min 3min
LONG variants   : 404
SHORT variants  : 404

--- SHORT top variants (by hit rate, min setups 100) ---
  (no SHORT variant met the minimum setups guard)

--- LONG top variants (by hit rate, min setups 100) ---
  (no LONG variant met the minimum setups guard)

no-entry triggers    : 0
zero-risk skipped    : 1331
eod closes           : 0
daily report         : D:\Git\fresh_dashboard\app\data\optimize_results\optimize_results_20260918_12sec_1min_3min.xlsx

====================================================================================================
DAY 9 - NIFTY_2026-09-21_DASHBOARD.json
====================================================================================================
timeframes      : 12sec 1min 3min
LONG variants   : 404
SHORT variants  : 404

--- SHORT top variants (by hit rate, min setups 100) ---
  (no SHORT variant met the minimum setups guard)

--- LONG top variants (by hit rate, min setups 100) ---
  (no LONG variant met the minimum setups guard)

no-entry triggers    : 0
zero-risk skipped    : 1251
eod closes           : 0
daily report         : D:\Git\fresh_dashboard\app\data\optimize_results\optimize_results_20260921_12sec_1min_3min.xlsx

====================================================================================================
DAY 10 - NIFTY_2026-09-22_DASHBOARD.json
====================================================================================================
timeframes      : 12sec 1min 3min
LONG variants   : 404
SHORT variants  : 404

--- SHORT top variants (by hit rate, min setups 100) ---
  (no SHORT variant met the minimum setups guard)

--- LONG top variants (by hit rate, min setups 100) ---
  (no LONG variant met the minimum setups guard)

no-entry triggers    : 0
zero-risk skipped    : 1325
eod closes           : 0
daily report         : D:\Git\fresh_dashboard\app\data\optimize_results\optimize_results_20260922_12sec_1min_3min.xlsx

====================================================================================================
DAY 11 - NIFTY_2026-09-23_DASHBOARD.json
====================================================================================================
timeframes      : 12sec 1min 3min
LONG variants   : 404
SHORT variants  : 404

--- SHORT top variants (by hit rate, min setups 100) ---
  (no SHORT variant met the minimum setups guard)

--- LONG top variants (by hit rate, min setups 100) ---
  (no LONG variant met the minimum setups guard)

no-entry triggers    : 0
zero-risk skipped    : 880
eod closes           : 0
daily report         : D:\Git\fresh_dashboard\app\data\optimize_results\optimize_results_20260923_12sec_1min_3min.xlsx

====================================================================================================
DAY 12 - NIFTY_2026-09-24_DASHBOARD.json
====================================================================================================
timeframes      : 12sec 1min 3min
LONG variants   : 404
SHORT variants  : 404

--- SHORT top variants (by hit rate, min setups 100) ---
  (no SHORT variant met the minimum setups guard)

--- LONG top variants (by hit rate, min setups 100) ---
  (no LONG variant met the minimum setups guard)

no-entry triggers    : 0
zero-risk skipped    : 1490
eod closes           : 1
daily report         : D:\Git\fresh_dashboard\app\data\optimize_results\optimize_results_20260924_12sec_1min_3min.xlsx

====================================================================================================
DAY 13 - NIFTY_2026-09-28_DASHBOARD.json
====================================================================================================
timeframes      : 12sec 1min 3min
LONG variants   : 404
SHORT variants  : 404

--- SHORT top variants (by hit rate, min setups 100) ---
  (no SHORT variant met the minimum setups guard)

--- LONG top variants (by hit rate, min setups 100) ---
  (no LONG variant met the minimum setups guard)

no-entry triggers    : 0
zero-risk skipped    : 404
eod closes           : 0
daily report         : D:\Git\fresh_dashboard\app\data\optimize_results\optimize_results_20260928_12sec_1min_3min.xlsx

====================================================================================================
DAY 14 - NIFTY_2026-09-29_DASHBOARD.json
====================================================================================================
timeframes      : 12sec 1min 3min
LONG variants   : 404
SHORT variants  : 404

--- SHORT top variants (by hit rate, min setups 100) ---
  (no SHORT variant met the minimum setups guard)

--- LONG top variants (by hit rate, min setups 100) ---
  (no LONG variant met the minimum setups guard)

no-entry triggers    : 0
zero-risk skipped    : 233
eod closes           : 1
daily report         : D:\Git\fresh_dashboard\app\data\optimize_results\optimize_results_20260929_12sec_1min_3min.xlsx

====================================================================================================
COMBINED RUN SUMMARY
====================================================================================================
files processed         : 14
variants evaluated      : LONG 404 / SHORT 404
total triggers          : 86026
total entries           : 86026
total trades            : 75837
no-entry triggers       : 0
zero-risk skipped       : 10189
eod closes              : 1664

combined best SHORT
  variant : cross_atr_multiplier=0.28, bb_period=22, bb_num_std=1.5
  cond_1           : sma_cross_below(fast_period=9, slow_period=44, cross_atr_period=14, cross_atr_multiplier=0.28)
  cond_2           : high_in_sma_band(period=44)
  cond_3           : cumulative_oi_compare(side=ce_greater)
  cond_4           : high_above_bollinger_upper(bb_period=22, bb_num_std=1.5)
  cross_atr_multiplier: 0.28
  bb_period        : 22
  bb_num_std       : 1.5
  hit_rate: 0.321
  setups  : 159
  entries : 159
  trades  : 137
  no_entry: 0
  avg_pnl : 1.63
  stop    : 0.672
  t1_rate : 0.321
  t2_rate : 0.255
  t3_rate : 0.19

near-best SHORT band (within 0.03 of best hit rate, setups >= 100)
  cross_atr_multiplier=0.28, bb_period=22, hit 0.321  setups 159  avg_pnl 1.63  stop 0.672
  cross_atr_multiplier=0.29, bb_period=22, hit 0.321  setups 159  avg_pnl 1.63  stop 0.672
  cross_atr_multiplier=0.36, bb_period=22, hit 0.321  setups 156  avg_pnl 1.68  stop 0.672
  cross_atr_multiplier=0.38, bb_period=22, hit 0.321  setups 155  avg_pnl 1.68  stop 0.672
  cross_atr_multiplier=0.37, bb_period=22, hit 0.321  setups 156  avg_pnl 1.68  stop 0.672
  cross_atr_multiplier=0.39, bb_period=22, hit 0.321  setups 155  avg_pnl 1.68  stop 0.672

combined best LONG
  variant : cross_atr_multiplier=0.39, bb_period=20, bb_num_std=1.5
  cond_1           : sma_cross_above(fast_period=9, slow_period=44, cross_atr_period=14, cross_atr_multiplier=0.39)
  cond_2           : low_in_sma_band(period=44)
  cond_3           : cumulative_oi_compare(side=pe_greater)
  cond_4           : low_below_bollinger_lower(bb_period=20, bb_num_std=1.5)
  cross_atr_multiplier: 0.39
  bb_period        : 20
  bb_num_std       : 1.5
  hit_rate: 0.329
  setups  : 183
  entries : 183
  trades  : 161
  no_entry: 0
  avg_pnl : 0.05
  stop    : 0.665
  t1_rate : 0.329
  t2_rate : 0.273
  t3_rate : 0.242

near-best LONG band (within 0.03 of best hit rate, setups >= 100)
  cross_atr_multiplier=0.39, bb_period=20, hit 0.329  setups 183  avg_pnl 0.05  stop 0.665
  cross_atr_multiplier=0.4, bb_period=20,  hit 0.329  setups 183  avg_pnl 0.05  stop 0.665
  cross_atr_multiplier=0.41, bb_period=20, hit 0.329  setups 183  avg_pnl 0.05  stop 0.665
  cross_atr_multiplier=0.43, bb_period=20, hit 0.329  setups 180  avg_pnl 0.05  stop 0.665
  cross_atr_multiplier=0.31, bb_period=20, hit 0.327  setups 186  avg_pnl 0.03  stop 0.667
  cross_atr_multiplier=0.32, bb_period=20, hit 0.327  setups 186  avg_pnl 0.03  stop 0.667

what the numbers say
  - SHORT: best hit rate is not unique — 134 variants sit within 0.03 of the top; the pick is a band, not a single point.
  - SHORT best variant hit rate spans 66.7 pts across 8 day(s) — day-to-day hit rate varies a lot.
  - SHORT best variant is stop-heavy (stop rate 0.67).
  - SHORT top3 day conc : 0.68 (share of the best variant's trades coming from its 3 biggest days).
  - LONG: best hit rate is not unique — 164 variants sit within 0.03 of the top; the pick is a band, not a single point.
  - LONG best variant hit rate spans 32.3 pts across 7 day(s) — day-to-day hit rate varies a lot.
  - LONG best variant is stop-heavy (stop rate 0.67).
  - LONG top3 day conc : 0.58 (share of the best variant's trades coming from its 3 biggest days).

ranking conclusion
  primary candidate   : cross_atr_multiplier=0.28, bb_period=22, bb_num_std=1.5
    why   : highest SHORT hit rate (0.321) with 137 trades and 1.63 avg pts.
  secondary candidate : cross_atr_multiplier=0.29, bb_period=22, bb_num_std=1.5
    why   : hit rate 0.321, avg P&L 1.63 pts.
  rejected as final pick: cross_atr_multiplier=0.59, b (0.29), cross_atr_multiplier=0.6, bb (0.29), cross_atr_multiplier=0.61, b (0.29)
  primary candidate   : cross_atr_multiplier=0.39, bb_period=20, bb_num_std=1.5
    why   : highest LONG hit rate (0.329) with 161 trades and 0.05 avg pts.
  secondary candidate : cross_atr_multiplier=0.4, bb_period=20, bb_num_std=1.5
    why   : hit rate 0.329, avg P&L 0.05 pts.
  rejected as final pick: cross_atr_multiplier=0.83, b (0.29), cross_atr_multiplier=0.84, b (0.29), cross_atr_multiplier=0.85, b (0.29)

recommended next step
  1. freeze the primary candidate (SHORT: cross_atr_multiplier=0.28, bb_period=22, bb_num_std=1.5, LONG: cross_atr_multiplier=0.39, bb_period=20, bb_num_std=1.5).
  2. keep the secondary as a comparison if avg P&L matters more than hit rate.
  3. confirm the chosen candidate still holds on new days before final.

one-line conclusion
  Best usable candidates from this cartesian run: SHORT cross_atr_multiplier=0.28, bb_period=22, bb_num_std=1.5 (hit 0.32, 137 trades, 1.63 avg pts); LONG cross_atr_multiplier=0.39, bb_period=20, bb_num_std=1.5 (hit 0.33, 161 trades, 0.05 avg pts).
====================================================================================================
COMBINED EXCEL: D:\Git\fresh_dashboard\app\data\optimize_results\optimize_combined_20260930_133644.xlsx

====================================================================================================
OPTIMIZE MODE COMPLETE: 14/14 file(s) processed
====================================================================================================
